 xBtProt

 Timestamp is 54f12e18 (Sat Feb 28 10:55:20 2015)

 Preferred load address is 00100000

 Start         Length     Name                   Class
 0001:00000000 0008d798H .text                   CODE
 0002:00000000 00006a25H .rdata                  DATA
 0002:00006a28 00000028H .idata$2                DATA
 0002:00006a50 00000014H .idata$3                DATA
 0002:00006a64 00000104H .idata$4                DATA
 0002:00006b68 00000044H .idata$6                DATA
 0002:00006bb0 00000103H .edata                  DATA
 0003:00000000 00000104H .idata$5                DATA
 0003:00000104 00000004H .CRT$XCA                DATA
 0003:00000108 00000004H .CRT$XCZ                DATA
 0003:0000010c 00000004H .CRT$XIA                DATA
 0003:00000110 00000004H .CRT$XIZ                DATA
 0003:00000114 00000004H .CRT$XPA                DATA
 0003:00000118 00000004H .CRT$XPZ                DATA
 0003:0000011c 00000004H .CRT$XTA                DATA
 0003:00000120 00000004H .CRT$XTZ                DATA
 0003:00000128 000026d0H .data                   DATA
 0003:00002800 00283bd0H .bss                    DATA
 0004:00000000 00004210H .pdata                  DATA

  Address         Publics by Value              Rva+Base       Lib:Object

 0000:00000000       ___safe_se_handler_table   00000000     <absolute>
 0000:00000000       ___safe_se_handler_count   00000000     <absolute>
 0001:00000000       EVM_StartTimer             00101000 f i btdirect.obj
 0001:00000020       EVM_CancelTimer            00101020 f i btdirect.obj
 0001:00000040       Direct_ME_InitHandler      00101040 f   btdirect.obj
 0001:00000060       Direct_ME_GetEventMask     00101060 f   btdirect.obj
 0001:00000080       Direct_ME_FindRemoteDevice 00101080 f   btdirect.obj
 0001:000000a0       Direct_ME_DisconnectLink   001010a0 f   btdirect.obj
 0001:000000c0       Direct_ME_DisconnectLinkWithReason 001010c0 f   btdirect.obj
 0001:000000e0       Direct_ME_GetCurrentMode   001010e0 f   btdirect.obj
 0001:000000e8       Direct_ME_GetCurrentRole   001010e8 f   btdirect.obj
 0001:00000120       Direct_ME_GetRemDevCOD     00101120 f   btdirect.obj
 0001:00000140       Direct_ME_GetRemDevEncryptState 00101140 f   btdirect.obj
 0001:00000160       Direct_ME_GetRemDevState   00101160 f   btdirect.obj
 0001:00000180       Direct_ME_RadioInit        00101180 f   btdirect.obj
 0001:000001a0       Direct_ME_RadioShutdown    001011a0 f   btdirect.obj
 0001:000001c0       Direct_A2DP_AddContentProtection 001011c0 f   btdirect.obj
 0001:000001e0       Direct_A2DP_StartStream    001011e0 f   btdirect.obj
 0001:00000200       Direct_A2DP_StartStreamRsp 00101200 f   btdirect.obj
 0001:00000220       Direct_A2DP_SuspendStream  00101220 f   btdirect.obj
 0001:00000240       Direct_A2DP_ReconfigStream 00101240 f   btdirect.obj
 0001:00000260       Direct_A2DP_ReconfigStreamRsp 00101260 f   btdirect.obj
 0001:00000280       Direct_A2DP_SecurityControlReq 00101280 f   btdirect.obj
 0001:000002a0       Direct_A2DP_SecurityControlRsp 001012a0 f   btdirect.obj
 0001:000002c0       Direct_A2DP_AbortStream    001012c0 f   btdirect.obj
 0001:000002c8       Direct_A2DP_MediaPacketSize 001012c8 f   btdirect.obj
 0001:000002e0       Direct_A2DP_CreateMediaHeader 001012e0 f   btdirect.obj
 0001:000002f4       Direct_A2DP_ParseMediaHeader 001012f4 f   btdirect.obj
 0001:00000320       Direct_A2DP_CloseStream    00101320 f   btdirect.obj
 0001:00000340       Direct_A2DP_CloseSignal    00101340 f   btdirect.obj
 0001:00000360       Direct_A2DP_SetStreamConfig 00101360 f   btdirect.obj
 0001:00000380       Direct_A2DP_SetStreamConfigWithSinkDelay 00101380 f   btdirect.obj
 0001:000003a0       Direct_A2DP_OpenStreamRsp  001013a0 f   btdirect.obj
 0001:000003c0       Direct_A2DP_OpenStreamRspWithSinkDelay 001013c0 f   btdirect.obj
 0001:000003e0       Direct_A2DP_SetMasterRole  001013e0 f   btdirect.obj
 0001:000003ec       SendChooserReqEventToMonitor 001013ec f   DeviceChooser.obj
 0001:00000488       AreRequestEqual            00101488 f   DeviceChooser.obj
 0001:000005d8       DeviceChooserSyncCallback  001015d8 f   DeviceChooser.obj
 0001:00000658       XcbDevSetEventHandler      00101658 f   DeviceChooser.obj
 0001:000006f8       XcbDevUnregisterEventHandler 001016f8 f   DeviceChooser.obj
 0001:00000768       XcbDevChooserResponse      00101768 f   DeviceChooser.obj
 0001:00000838       XcbDevSetDefaultResponse   00101838 f   DeviceChooser.obj
 0001:000008cc       XcbDevEnumDefaultResponse  001018cc f   DeviceChooser.obj
 0001:000009a4       XcbDevGetDefaultResponseInfo 001019a4 f   DeviceChooser.obj
 0001:00000a38       XcbDevDeleteDefaultResponse 00101a38 f   DeviceChooser.obj
 0001:00000ab0       XcbDevDeleteAllDefaultResponses 00101ab0 f   DeviceChooser.obj
 0001:00000bcc       DeviceChooserTimeoutHandler 00101bcc f   DeviceChooser.obj
 0001:00000ca4       GetDefaultResp             00101ca4 f   DeviceChooser.obj
 0001:00000d80       SendChooserReqEventToApp   00101d80 f   DeviceChooser.obj
 0001:00000ec8       XCB_DeviceChooser          00101ec8 f   DeviceChooser.obj
 0001:00000f9c       XCB_CancelChooserReq       00101f9c f   DeviceChooser.obj
 0001:00001028       XCB_DeviceChooserSync      00102028 f   DeviceChooser.obj
 0001:0000119c       HF_CreateAudioLink         0010219c f   hf_impl.obj
 0001:00001200       HF_DisconnectAudioLink     00102200 f   hf_impl.obj
 0001:00001264       HF_IsChannelOpen           00102264 f   hf_impl.obj
 0001:000012ac       HF_IsACLConnected          001022ac f   hf_impl.obj
 0001:000012f0       HF_IsHandsfreeConnected    001022f0 f   hf_impl.obj
 0001:00001334       HF_IsAudioConnected        00102334 f   hf_impl.obj
 0001:0000137c       HF_CallState               0010237c f   hf_impl.obj
 0001:000013d4       HF_GatewayFeatures         001023d4 f   hf_impl.obj
 0001:0000141c       HF_RemoteDevice            0010241c f   hf_impl.obj
 0001:00001480       HF_ProfileVersion          00102480 f   hf_impl.obj
 0001:000014c8       HF_GatewayHoldFeatures     001024c8 f   hf_impl.obj
 0001:00001510       HF_IsNRECEnabled           00102510 f   hf_impl.obj
 0001:00001558       HF_IsInbandRingEnabled     00102558 f   hf_impl.obj
 0001:000015a0       HF_IsCallIdNotifyEnabled   001025a0 f   hf_impl.obj
 0001:000015e8       HF_IsVoiceRecActive        001025e8 f   hf_impl.obj
 0001:00001630       HF_IsCallWaitingActive     00102630 f   hf_impl.obj
 0001:00001678       HF_EnableSniffMode         00102678 f   hf_impl.obj
 0001:0000176c       HF_IsSniffModeEnabled      0010276c f   hf_impl.obj
 0001:00001780       HF_SetSniffExitPolicy      00102780 f   hf_impl.obj
 0001:000017a0       HF_GetSniffExitPolicy      001027a0 f   hf_impl.obj
 0001:000017c0       HF_SetMasterRole           001027c0 f   hf_impl.obj
 0001:000017e0       HFG_SetHciScoPacketSize    001027e0 f   hfg_impl.obj
 0001:000017e0       HS_SetHciScoPacketSize     001027e0 f   headset.obj
 0001:000017e0       HF_SetHciScoPacketSize     001027e0 f   hf_impl.obj
 0001:000017e0       CORDL_SetHciScoPacketSize  001027e0 f   cordless.obj
 0001:000017e0       ICM_SetHciScoPacketSize    001027e0 f   intercom.obj
 0001:000017e0       AG_SetHciScoPacketSize     001027e0 f   headset_gw.obj
 0001:000017e4       HF_SetScoCallback          001027e4 f   hf_impl.obj
 0001:0000181c       AtTimeout                  0010281c f   hf_impl.obj
 0001:000018a8       HfAtSendRfPacket           001028a8 f   hf_impl.obj
 0001:00001924       HfGetCurrentCommand        00102924 f   hf_impl.obj
 0001:00002418       CallMgrLineWithState       00103418 f   hf_impl.obj
 0001:00002478       CallMgrLineWithStates      00103478 f   hf_impl.obj
 0001:000024e8       HfRegisterSdpServices      001034e8 f   hf_impl.obj
 0001:0000257c       HfFindChannel              0010357c f   hf_impl.obj
 0001:000025e0       HfGetClosedChannel         001035e0 f   hf_impl.obj
 0001:00002610       AT_MapHfIndicators         00103610 f   hf_impl.obj
 0001:000026e4       AT_Init                    001036e4 f   hf_impl.obj
 0001:0000277c       ME_CompareCommands         0010377c f   hf_impl.obj
 0001:000028b0       AtItoA                     001038b0 f   hf_impl.obj
 0001:00002920       AtAtoI                     00103920 f   hf_impl.obj
 0001:00002968       AtParseParameters          00103968 f   hf_impl.obj
 0001:00002a3c       AT_Range2MinMax            00103a3c f   hf_impl.obj
 0001:00002b68       AtRemoveWhiteSpace         00103b68 f   hf_impl.obj
 0001:00002bf0       AtMakeString               00103bf0 f   hf_impl.obj
 0001:00002c54       TE_Encode_Common           00103c54 f   hf_impl.obj
 0001:00002d54       TE_Decode_Common           00103d54 f   hf_impl.obj
 0001:00002df8       ME_Encode_Common           00103df8 f   hf_impl.obj
 0001:00002edc       ME_Decode_Common           00103edc f   hf_impl.obj
 0001:00002fd4       HF_Deregister              00103fd4 f   hf_impl.obj
 0001:000030a0       HfVerifySdpQueryRsp        001040a0 f   hf_impl.obj
 0001:000034e0       HfPhonebookCallback        001044e0 f   hf_impl.obj
 0001:000036b4       TE_Encode_Handsfree        001046b4 f   hf_impl.obj
 0001:00003ab0       TE_Decode_Handsfree        00104ab0 f   hf_impl.obj
 0001:000040dc       ME_Encode_Handsfree        001050dc f   hf_impl.obj
 0001:00004d5c       ME_Decode_Handsfree        00105d5c f   hf_impl.obj
 0001:00005004       TE_Encode_Headset          00106004 f   hf_impl.obj
 0001:000050b8       TE_Decode_Headset          001060b8 f   hf_impl.obj
 0001:00005164       ME_Encode_Headset          00106164 f   hf_impl.obj
 0001:000051d4       ME_Decode_Headset          001061d4 f   hf_impl.obj
 0001:00005270       TE_Encode_Phonebook        00106270 f   hf_impl.obj
 0001:000055a0       TE_Decode_Phonebook        001065a0 f   hf_impl.obj
 0001:00005ad8       ME_Encode_Phonebook        00106ad8 f   hf_impl.obj
 0001:00005ff8       ME_Decode_Phonebook        00106ff8 f   hf_impl.obj
 0001:0000622c       TE_Encode                  0010722c f   hf_impl.obj
 0001:0000646c       TE_Decode                  0010746c f   hf_impl.obj
 0001:000066f0       ME_Encode                  001076f0 f   hf_impl.obj
 0001:000068dc       ME_Decode                  001078dc f   hf_impl.obj
 0001:00006c5c       AtSendCommand              00107c5c f   hf_impl.obj
 0001:00006dd8       AtParseResultCode          00107dd8 f   hf_impl.obj
 0001:00007090       CallManager                00108090 f   hf_impl.obj
 0001:00007e04       HfParseRfcommData          00108e04 f   hf_impl.obj
 0001:00007ee8       HfIndicatorCallback        00108ee8 f   hf_impl.obj
 0001:00008010       HfEventCallback            00109010 f   hf_impl.obj
 0001:000080cc       HfCompleteCommand          001090cc f   hf_impl.obj
 0001:00008188       HfFlushCommands            00109188 f   hf_impl.obj
 0001:00008250       HfExecuteNextCommand       00109250 f   hf_impl.obj
 0001:00008aac       HfCloseChannel             00109aac f   hf_impl.obj
 0001:00008bb8       HF_DisconnectServiceLink   00109bb8 f   hf_impl.obj
 0001:00008d18       HfAddCommand               00109d18 f   hf_impl.obj
 0001:00008d88       CallMgrAnswerCall          00109d88 f   hf_impl.obj
 0001:00008e98       CallMgrInitiateCall        00109e98 f   hf_impl.obj
 0001:000090a0       CallMgrCallHold            0010a0a0 f   hf_impl.obj
 0001:000095a0       HfRfCallback               0010a5a0 f   hf_impl.obj
 0001:000098fc       HF_AnswerCall              0010a8fc f   hf_impl.obj
 0001:00009974       HF_DialNumber              0010a974 f   hf_impl.obj
 0001:00009a08       HF_MemoryDial              0010aa08 f   hf_impl.obj
 0001:00009a9c       HF_Redial                  0010aa9c f   hf_impl.obj
 0001:00009b1c       HF_CallHold                0010ab1c f   hf_impl.obj
 0001:00009ba4       HF_QueryResponseHold       0010aba4 f   hf_impl.obj
 0001:00009c2c       HF_ResponseHold            0010ac2c f   hf_impl.obj
 0001:00009cbc       HF_Hangup                  0010acbc f   hf_impl.obj
 0001:00009d44       HF_ListCurrentCalls        0010ad44 f   hf_impl.obj
 0001:00009dcc       HF_EnableCallerIdNotify    0010adcc f   hf_impl.obj
 0001:00009e5c       HF_EnableCallWaitNotify    0010ae5c f   hf_impl.obj
 0001:00009eec       HF_GenerateDtmf            0010aeec f   hf_impl.obj
 0001:00009f70       HF_GetLastVoiceTag         0010af70 f   hf_impl.obj
 0001:00009ff8       HF_EnableVoiceRecognition  0010aff8 f   hf_impl.obj
 0001:0000a088       HF_DisableNREC             0010b088 f   hf_impl.obj
 0001:0000a110       HF_ReportMicVolume         0010b110 f   hf_impl.obj
 0001:0000a1a0       HF_ReportSpeakerVolume     0010b1a0 f   hf_impl.obj
 0001:0000a230       HF_QueryNetworkOperator    0010b230 f   hf_impl.obj
 0001:0000a2b8       HF_QuerySubscriberNumber   0010b2b8 f   hf_impl.obj
 0001:0000a340       HF_QueryImsiNumber         0010b340 f   hf_impl.obj
 0001:0000a3c8       HF_EnableExtendedErrors    0010b3c8 f   hf_impl.obj
 0001:0000a450       HF_SendAtCommand           0010b450 f   hf_impl.obj
 0001:0000a508       HF_QueryPhonebooks         0010b508 f   hf_impl.obj
 0001:0000a590       HF_SelectPhonebook         0010b590 f   hf_impl.obj
 0001:0000a620       HF_GetCurrentPhonebookInfo 0010b620 f   hf_impl.obj
 0001:0000a6a8       HF_GetPhonebookSize        0010b6a8 f   hf_impl.obj
 0001:0000a730       HF_ReadPhonebookEntries    0010b730 f   hf_impl.obj
 0001:0000a7c8       HF_FindPhonebookEntries    0010b7c8 f   hf_impl.obj
 0001:0000a858       HF_WritePhonebookEntry     0010b858 f   hf_impl.obj
 0001:0000a900       HfStartServiceQuery        0010b900 f   hf_impl.obj
 0001:0000ad1c       HF_Init                    0010bd1c f   hf_impl.obj
 0001:0000ad94       HfServiceConnectionCallback 0010bd94 f   hf_impl.obj
 0001:0000b08c       HF_Register                0010c08c f   hf_impl.obj
 0001:0000b24c       HF_CreateServiceLink       0010c24c f   hf_impl.obj
 0001:0000b308       HFG_IsChannelOpen          0010c308 f   hfg_impl.obj
 0001:0000b364       HFG_CreateAudioLink        0010c364 f   hfg_impl.obj
 0001:0000b3c8       HFG_DisconnectAudioLink    0010c3c8 f   hfg_impl.obj
 0001:0000b42c       HFG_IsAudioConnected       0010c42c f   hfg_impl.obj
 0001:0000b474       HFG_GetIndicatorValue      0010c474 f   hfg_impl.obj
 0001:0000b584       HFG_IsNRECEnabled          0010c584 f   hfg_impl.obj
 0001:0000b5ec       HFG_IsInbandRingEnabled    0010c5ec f   hfg_impl.obj
 0001:0000b634       HFG_IsCallIdNotifyEnabled  0010c634 f   hfg_impl.obj
 0001:0000b67c       HFG_IsVoiceRecActive       0010c67c f   hfg_impl.obj
 0001:0000b6c4       HFG_IsCallWaitingActive    0010c6c4 f   hfg_impl.obj
 0001:0000b7b8       HFG_EnableSniffMode        0010c7b8 f   hfg_impl.obj
 0001:0000b820       HF_SendAudioData           0010c820 f   hf_impl.obj
 0001:0000b820       HFG_SendAudioData          0010c820 f   hfg_impl.obj
 0001:0000b824       HFG_IsSniffModeEnabled     0010c824 f   hfg_impl.obj
 0001:0000b840       HFG_SetSniffExitPolicy     0010c840 f   hfg_impl.obj
 0001:0000b860       HFG_GetSniffExitPolicy     0010c860 f   hfg_impl.obj
 0001:0000b880       HFG_SetMasterRole          0010c880 f   hfg_impl.obj
 0001:0000b888       HFG_SetScoCallback         0010c888 f   hfg_impl.obj
 0001:0000b8c0       HfgAtSendRfPacket          0010c8c0 f   hfg_impl.obj
 0001:0000b91c       HfgRegisterSdpServices     0010c91c f   hfg_impl.obj
 0001:0000badc       HfgParseRfcommData         0010cadc f   hfg_impl.obj
 0001:0000bc18       HfgReportServiceConnected  0010cc18 f   hfg_impl.obj
 0001:0000bcc4       HfgSetupIndicatorTestRsp   0010ccc4 f   hfg_impl.obj
 0001:0000bd88       HfgSetupIndicatorReadRsp   0010cd88 f   hfg_impl.obj
 0001:0000be08       HfgCloseChannel            0010ce08 f   hfg_impl.obj
 0001:0000be9c       HfgFindChannel             0010ce9c f   hfg_impl.obj
 0001:0000bef4       HfgGetClosedChannel        0010cef4 f   hfg_impl.obj
 0001:0000bf24       HFG_Deregister             0010cf24 f   hfg_impl.obj
 0001:0000bfd8       HFG_DisconnectServiceLink  0010cfd8 f   hfg_impl.obj
 0001:0000c0b0       AtSendResults              0010d0b0 f   hfg_impl.obj
 0001:0000c184       AtSendComplete             0010d184 f   hfg_impl.obj
 0001:0000c310       HfgVerifySdpQueryRsp       0010d310 f   hfg_impl.obj
 0001:0000c598       HfgRfCallback              0010d598 f   hfg_impl.obj
 0001:0000c890       HFG_SetIndicatorValue      0010d890 f   hfg_impl.obj
 0001:0000cbac       HFG_SendHfResults          0010dbac f   hfg_impl.obj
 0001:0000cc5c       HFG_SendOK                 0010dc5c f   hfg_impl.obj
 0001:0000cc8c       HFG_SendError              0010dc8c f   hfg_impl.obj
 0001:0000ccbc       HFG_SendRing               0010dcbc f   hfg_impl.obj
 0001:0000ccec       HFG_SendCallListRsp        0010dcec f   hfg_impl.obj
 0001:0000cd20       HFG_SendCallerId           0010dd20 f   hfg_impl.obj
 0001:0000cd54       HFG_SendSubscriberNumberRsp 0010dd54 f   hfg_impl.obj
 0001:0000cd88       HFG_SendNetworkOperatorRsp 0010dd88 f   hfg_impl.obj
 0001:0000cdbc       HFG_SendMicVolume          0010ddbc f   hfg_impl.obj
 0001:0000cdec       HFG_SendSpeakerVolume      0010ddec f   hfg_impl.obj
 0001:0000ce20       HFG_SendRingToneStatus     0010de20 f   hfg_impl.obj
 0001:0000ce50       HFG_SendResponseHoldState  0010de50 f   hfg_impl.obj
 0001:0000ce84       HFG_CallWaiting            0010de84 f   hfg_impl.obj
 0001:0000ceb8       HFG_EnableVoiceRec         0010deb8 f   hfg_impl.obj
 0001:0000ceec       HFG_VoiceTagRsp            0010deec f   hfg_impl.obj
 0001:0000cf20       HFG_NoCarrierRsp           0010df20 f   hfg_impl.obj
 0001:0000cf50       HFG_BusyRsp                0010df50 f   hfg_impl.obj
 0001:0000cf80       HFG_NoAnswerRsp            0010df80 f   hfg_impl.obj
 0001:0000cfb0       HFG_DelayedRsp             0010dfb0 f   hfg_impl.obj
 0001:0000cfe0       HFG_BlacklistedRsp         0010dfe0 f   hfg_impl.obj
 0001:0000d010       HFG_SendAtResponse         0010e010 f   hfg_impl.obj
 0001:0000d040       HfgStartServiceQuery       0010e040 f   hfg_impl.obj
 0001:0000d970       HFG_Init                   0010e970 f   hfg_impl.obj
 0001:0000d9dc       HfgServiceConnectionCallback 0010e9dc f   hfg_impl.obj
 0001:0000dc94       HFG_Register               0010ec94 f   hfg_impl.obj
 0001:0000de48       HFG_CreateServiceLink      0010ee48 f   hfg_impl.obj
 0001:0000df20       ProcessApiCommand          0010ef20 f   ipcserv.obj
 0001:0000e1e0       MeDdbEventHandler          0010f1e0 f   ipcserv.obj
 0001:0000e2dc       SdpEventHandler            0010f2dc f   ipcserv.obj
 0001:0000e340       InterfaceCleanup           0010f340 f   ipcserv.obj
 0001:0000e4ec       RemoveInterface            0010f4ec f   ipcserv.obj
 0001:0000e518       StartIPC                   0010f518 f   ipcserv.obj
 0001:0000e5f0       StopIPC                    0010f5f0 f   ipcserv.obj
 0001:0000e6e0       WaitForEvent               0010f6e0 f   ipcserv.obj
 0001:0000eed0       AddInterface               0010fed0 f   ipcserv.obj
 0001:0000eff4       StartMonitorApp            0010fff4 f   legacychooser.obj
 0001:0000f0d0       Chooser                    001100d0 f   legacychooser.obj
 0001:0000f170       ConnectLegacyDev           00110170 f   legacychooser.obj
 0001:0000f1c0       MEDDB_UnregisterMonitor    001101c0 f   meddb.obj
 0001:0000f21c       MEDDB_ChangeFromUserToMonitor 0011021c f   meddb.obj
 0001:0000f25c       MEDDB_ChangeMonitorToUser  0011025c f   meddb.obj
 0001:0000f2a8       MEDDB_SetEventMask         001102a8 f   meddb.obj
 0001:0000f2c8       MEDDB_SetOtherEventMask    001102c8 f   meddb.obj
 0001:0000f2e8       MEDDB_SetInquiryMode       001102e8 f   meddb.obj
 0001:0000f30c       MEDDB_SetSniffSubrating    0011030c f   meddb.obj
 0001:0000f348       MEDDB_SetErroneousDataReporting 00110348 f   meddb.obj
 0001:0000f36c       MEDDB_GetErroneousDataReporting 0011036c f   meddb.obj
 0001:0000f388       MEDDB_MON_CancelInquiry    00110388 f   meddb.obj
 0001:0000f43c       MEDDB_MON_SetPeriodicPagingValues 0011043c f   meddb.obj
 0001:0000f43c       MEDDB_MON_PeriodicInquiry  0011043c f   meddb.obj
 0001:0000f43c       MEDDB_MON_SetPeriodicInquiryValues 0011043c f   meddb.obj
 0001:0000f43c       MEDDB_MON_PeriodicPaging   0011043c f   meddb.obj
 0001:0000f468       MEDDB_MON_SetAccessibleModeNC 00110468 f   meddb.obj
 0001:0000f51c       MEDDB_MON_GetAccessibleModeNC 0011051c f   meddb.obj
 0001:0000f588       MEDDB_MON_GetCurAccessibleMode 00110588 f   meddb.obj
 0001:0000f5f4       MEDDB_MON_SetAccessibleModeC 001105f4 f   meddb.obj
 0001:0000f6a8       MEDDB_MON_GetAccessibleModeC 001106a8 f   meddb.obj
 0001:0000f714       MEDDB_MON_DeviceNameMode   00110714 f   meddb.obj
 0001:0000f750       MEDDB_MON_SetLocalDeviceName 00110750 f   meddb.obj
 0001:0000f874       MEDDB_MON_SetLocalDeviceNameW 00110874 f   meddb.obj
 0001:0000f9e4       MEDDB_MON_GetLocalDeviceNameW 001109e4 f   meddb.obj
 0001:0000fa90       MEDDB_MON_SetClassOfDevice 00110a90 f   meddb.obj
 0001:0000fb34       MEDDB_MON_GetClassOfDevice 00110b34 f   meddb.obj
 0001:0000fb74       MEDDB_MON_GetLocalBdAddr   00110b74 f   meddb.obj
 0001:0000fc44       MEDDB_MON_SetBondingMode   00110c44 f   meddb.obj
 0001:0000fcac       MEDDB_MON_GetBondingMode   00110cac f   meddb.obj
 0001:0000fd14       MEDDB_MON_SetIoCapabilities 00110d14 f   meddb.obj
 0001:0000fd7c       MEDDB_MON_GetIoCapabilities 00110d7c f   meddb.obj
 0001:0000fde4       MEDDB_MON_SetAuthRequirements 00110de4 f   meddb.obj
 0001:0000fe4c       MEDDB_MON_GetAuthRequirements 00110e4c f   meddb.obj
 0001:0000feb4       MEDDB_EnableSecurityMode3  00110eb4 f   meddb.obj
 0001:0000ff40       MEDDB_MON_EnableSecurityMode3 00110f40 f   meddb.obj
 0001:0000ff70       MEDDB_DisableSecurityMode3 00110f70 f   meddb.obj
 0001:0000ffec       MEDDB_MON_DisableSecurityMode3 00110fec f   meddb.obj
 0001:00010084       MEDDB_MON_GetSecurityMode3 00111084 f   meddb.obj
 0001:000100d4       MEDDB_MON_ChooserResponse  001110d4 f   meddb.obj
 0001:00010194       MEDDB_SendHciCmdSync       00111194 f   meddb.obj
 0001:00010270       MEDDB_SendHciCmdAsync      00111270 f   meddb.obj
 0001:0001034c       MEDDB_GetLegacyConnect     0011134c f   meddb.obj
 0001:00010454       MEDDB_MON_ConnectLegacyDev 00111454 f   meddb.obj
 0001:00010554       MEStackCallback            00111554 f   meddb.obj
 0001:00010748       HciUserCallback            00111748 f   meddb.obj
 0001:000107f4       EventToMaskedUsers         001117f4 f   meddb.obj
 0001:00010854       OtherEventToMaskedUsers    00111854 f   meddb.obj
 0001:000108b4       GetNextDevice              001118b4 f   meddb.obj
 0001:000108fc       GetNextDeviceByAndAttrib   001118fc f   meddb.obj
 0001:0001097c       GetNextDeviceByOrAttrib    0011197c f   meddb.obj
 0001:000109f0       GetNextDeviceByAddr        001119f0 f   meddb.obj
 0001:00010a7c       GetNextDeviceByHandle      00111a7c f   meddb.obj
 0001:00010af0       GetNextRemoteDeviceName    00111af0 f   meddb.obj
 0001:00010bec       AllocateDeviceEntry        00111bec f   meddb.obj
 0001:00010cac       DeallocateDeviceEntry      00111cac f   meddb.obj
 0001:00010cf0       DeallocateACLEntry         00111cf0 f   meddb.obj
 0001:00010d28       CopyPersistentRecordToDeviceEntry 00111d28 f   meddb.obj
 0001:00010de8       SendLegacyConnHandleReqEvent 00111de8 f   meddb.obj
 0001:00010e58       GetCurrentFileTime         00111e58 f   meddb.obj
 0001:00010e80       SubtractUlonglongFromFileTime 00111e80 f   meddb.obj
 0001:00010e9c       CompareFileTimes           00111e9c f   meddb.obj
 0001:00010edc       MEDDB_GetPageScanInfo      00111edc f   meddb.obj
 0001:00010fb4       MEDDB_GetDeviceHandle      00111fb4 f   meddb.obj
 0001:00011030       MEDDB_SetInqTxPowerLevel   00112030 f   meddb.obj
 0001:00011054       MEDDB_GetInqRespTxPowerLevel 00112054 f   meddb.obj
 0001:00011074       MEDDB_UnbindFromACL        00112074 f   meddb.obj
 0001:00011174       MEDDB_GetDeviceInfo        00112174 f   meddb.obj
 0001:00011230       MEDDB_AddDevice            00112230 f   meddb.obj
 0001:00011308       AddPersistentRecord        00112308 f   meddb.obj
 0001:000113b0       MEDDB_MON_RemoveDeviceRecord 001123b0 f   meddb.obj
 0001:000114f8       MEDDB_RemoveDeviceRecord   001124f8 f   meddb.obj
 0001:00011658       GetFirstPersistentRecord   00112658 f   meddb.obj
 0001:0001171c       GetNextPersistentRecord    0011271c f   meddb.obj
 0001:000117dc       MEDDB_MON_SetDeviceAttributes 001127dc f   meddb.obj
 0001:0001189c       MEDDB_MON_Inquiry          0011289c f   meddb.obj
 0001:000119b0       MEDDB_MON_SetLevel2Security 001129b0 f   meddb.obj
 0001:00011a78       MEDDB_MON_Authorize        00112a78 f   meddb.obj
 0001:00011b3c       MEDDB_RegisterServiceSecurity 00112b3c f   meddb.obj
 0001:00011d14       MEDDB_UnregisterServiceSecurity 00112d14 f   meddb.obj
 0001:00011e14       MEDDB_MON_SetPin           00112e14 f   meddb.obj
 0001:00011f3c       MEDDB_MON_SetPassKey       00112f3c f   meddb.obj
 0001:00012064       MEDDB_MON_UserConfirm      00113064 f   meddb.obj
 0001:0001219c       MEDDB_AuthenticateLink     0011319c f   meddb.obj
 0001:0001227c       MEDDB_MON_AuthenticateLink 0011327c f   meddb.obj
 0001:000122a8       MEDDB_SetLinkEncryption    001132a8 f   meddb.obj
 0001:00012390       MEDDB_MON_SetLinkEncryption 00113390 f   meddb.obj
 0001:000123d0       MEDDB_HciReadRssi          001133d0 f   meddb.obj
 0001:0001252c       MEDDB_MON_IsDeviceTrusted  0011352c f   meddb.obj
 0001:000125e4       ACL_WCallback              001135e4 f   meddb.obj
 0001:00012690       MeGetDeviceNameCallback    00113690 f   meddb.obj
 0001:00012798       GetNextDeviceByTimestamp   00113798 f   meddb.obj
 0001:00012838       MEGetRemoteDeviceByHandle  00113838 f   meddb.obj
 0001:000128ac       SetNewInquiryStaleTime     001138ac f   meddb.obj
 0001:0001290c       DeallocateUser             0011390c f   meddb.obj
 0001:000129fc       AllocateACLEntry           001139fc f   meddb.obj
 0001:00012a88       RadioRemoved               00113a88 f   meddb.obj
 0001:00012b84       RadioInserted              00113b84 f   meddb.obj
 0001:00012d48       FileToDDB                  00113d48 f   meddb.obj
 0001:00012ea8       PersistDDBtoFile           00113ea8 f   meddb.obj
 0001:00013020       MEDDB_Deinit               00114020 f   meddb.obj
 0001:000130d8       MEDDB_UnregisterUser       001140d8 f   meddb.obj
 0001:00013194       MEDDB_QueryStart           00114194 f   meddb.obj
 0001:00013318       MEDDB_QueryNext            00114318 f   meddb.obj
 0001:000134cc       MEDDB_Inquire              001144cc f   meddb.obj
 0001:000136f0       MEDDB_BindToACL            001146f0 f   meddb.obj
 0001:00013858       MEDDB_MON_AddPersistentRecord 00114858 f   meddb.obj
 0001:0001388c       MEDDB_MON_GetFirstPersistentRecord 0011488c f   meddb.obj
 0001:000138d4       MEDDB_MON_GetNextPersistentRecord 001148d4 f   meddb.obj
 0001:0001391c       MEDDB_DeleteLinkKey        0011491c f   meddb.obj
 0001:00013a24       MEDDB_MON_DeleteLinkKey    00114a24 f   meddb.obj
 0001:00014600       AllocateUser               00115600 f   meddb.obj
 0001:0001471c       MEDDB_Init                 0011571c f   meddb.obj
 0001:00014e60       MEDDB_RegisterUser         00115e60 f   meddb.obj
 0001:00014f04       MEDDB_FindDevice           00115f04 f   meddb.obj
 0001:0001504c       MEDDB_RegisterMonitor      0011604c f   meddb.obj
 0001:000150e4       SdpUuidsAreEqual           001160e4 f   ParseSdp.obj
 0001:000151b8       ConvertUUIDto2Bytes        001161b8 f   ParseSdp.obj
 0001:000152d4       GetLenNeededToParseElemLen 001162d4 f   ParseSdp.obj
 0001:00015328       GetElementSize             00116328 f   ParseSdp.obj
 0001:00015418       SetToStoreOrSkipData       00116418 f   ParseSdp.obj
 0001:00015498       CheckUUID                  00116498 f   ParseSdp.obj
 0001:00015564       CheckLenAndSetState        00116564 f   ParseSdp.obj
 0001:00015774       ParseSDPBuffer             00116774 f   ParseSdp.obj
 0001:00015bd0       DoInitialParsing           00116bd0 f   ParseSdp.obj
 0001:00015c18       ContinueParsing            00116c18 f   ParseSdp.obj
 0001:00015c2c       StopPwrMgr                 00116c2c f   power.obj
 0001:00015c88       OnPwrOff                   00116c88 f   power.obj
 0001:00015d64       OnPwrOn                    00116d64 f   power.obj
 0001:00015e40       PowerThread                00116e40 f   power.obj
 0001:00015ea4       StartPwrMgr                00116ea4 f   power.obj
 0001:00015f88       InitProfileStore           00116f88 f   ProfileData.obj
 0001:00015ff0       WriteVoiceSettings         00116ff0 f   regsettings.obj
 0001:0001607c       BTREG_StoreDeviceName      0011707c f   regsettings.obj
 0001:00016118       BTREG_StoreClassOfDevice   00117118 f   regsettings.obj
 0001:000161a0       BTREG_StoreSecMode3        001171a0 f   regsettings.obj
 0001:00016214       BTREG_StoreSecMode3Encryption 00117214 f   regsettings.obj
 0001:00016288       BTREG_StoreAccessModeNC    00117288 f   regsettings.obj
 0001:000162fc       BTREG_StoreAccessModeC     001172fc f   regsettings.obj
 0001:00016370       BTREG_StoreIncomingLinkPolicy 00117370 f   regsettings.obj
 0001:000163e4       BTREG_StoreOutgoingLinkPolicy 001173e4 f   regsettings.obj
 0001:00016458       BTREG_StoreMasterOnly      00117458 f   regsettings.obj
 0001:000164d8       BTREG_ResetToNetworkName   001174d8 f   regsettings.obj
 0001:000165a0       BTREG_ReadRadioSettings    001175a0 f   regsettings.obj
 0001:00016878       ReadRegSettings            00117878 f   regsettings.obj
 0001:00016ef4       GetLocalACLPacketType      00117ef4 f   regsettings.obj
 0001:00017008       ApplyCurrentSettings       00118008 f   regsettings.obj
 0001:0001722c       _InsertTailList            0011822c f   sdkutils.obj
 0001:00017248       _InsertHeadList            00118248 f   sdkutils.obj
 0001:00017264       _RemoveHeadList            00118264 f   sdkutils.obj
 0001:00017284       IsListCircular             00118284 f   sdkutils.obj
 0001:000172e8       IsListCircular_Check       001182e8 f   sdkutils.obj
 0001:000173b0       bdaddr_ntow                001183b0 f   sdkutils.obj
 0001:00017424       bdaddr_wton                00118424 f   sdkutils.obj
 0001:000174c4       BlueTrace                  001184c4 f   sdkutils.obj
 0001:0001755c       RemoveEntryList            0011855c f   sdkutils.obj
 0001:00017630       IsNodeOnList               00118630 f   sdkutils.obj
 0001:00017688       SdpQuery_Init              00118688 f   SdpCmd.obj
 0001:00017700       SDPAddServiceRecord        00118700 f   SdpCmd.obj
 0001:00017c60       SDPStartTheQuery           00118c60 f   SdpCmd.obj
 0001:00017f08       SendFailedEventToCaller    00118f08 f   SdpCmd.obj
 0001:00017f70       SendEventToCaller          00118f70 f   SdpCmd.obj
 0001:00018028       WrfProfileConnectEvent     00119028 f   SdpCmd.obj
 0001:00018074       ProfileQueryParseCallback  00119074 f   SdpCmd.obj
 0001:00018340       StoreInfoIsValid           00119340 f   SdpCmd.obj
 0001:000183a4       SDPCmdStartTheQuery        001193a4 f   SdpCmd.obj
 0001:00018464       QueryParseCallback         00119464 f   SdpCmd.obj
 0001:00018560       RfcommThread               00119560 f   SdpCmd.obj
 0001:00018720       ProfileConnectParseCallback 00119720 f   SdpCmd.obj
 0001:00018980       RfBppSdpCallback           00119980 f   SdpCmd.obj
 0001:00018a88       RfMapSdpCallback           00119a88 f   SdpCmd.obj
 0001:00018df8       RfSdpCallback              00119df8 f   SdpCmd.obj
 0001:00018f74       SDPMeCallback              00119f74 f   SdpCmd.obj
 0001:00019048       SdpCmdCallback             0011a048 f   SdpCmd.obj
 0001:00019250       SDPCmdMeCallback           0011a250 f   SdpCmd.obj
 0001:000193d0       SDPQueryForProfile         0011a3d0 f   SdpCmd.obj
 0001:000196a8       WRF_ConnectToASerialProfile 0011a6a8 f   SdpCmd.obj
 0001:00019de4       ProfileParseCallback       0011ade4 f   SdpCmd.obj
 0001:00019e14       SDPParsedQuery             0011ae14 f   SdpCmd.obj
 0001:0001a0b8       WRF_ConnectToProfile       0011b0b8 f   SdpCmd.obj
 0001:0001a118       SendInputReqEventToUser    0011b118 f   SecInput.obj
 0001:0001a26c       XcbSecInputRequest         0011b26c f   SecInput.obj
 0001:0001a3b8       SendSecInputResponse       0011b3b8 f   SecInput.obj
 0001:0001a41c       StkAGCallback              0011b41c f   stkag.obj
 0001:0001a4ac       AGCmdHandler               0011b4ac f   stkag.obj
 0001:0001a6dc       AVRCPIpcApiInit            0011b6dc f   stkavrc.obj
 0001:0001a84c       AvrcpIpcMemoryCleanup      0011b84c f   stkavrc.obj
 0001:0001a930       AvrcpIpcInterfaceCleanup   0011b930 f   stkavrc.obj
 0001:0001b0e4       AvrcpCmdHandler            0011c0e4 f   stkavrc.obj
 0001:0001cd68       StkCordlCallback           0011dd68 f   stkcordl.obj
 0001:0001cf2c       StkCordlMeCallback         0011df2c f   stkcordl.obj
 0001:0001d014       CordlChooserCallback       0011e014 f   stkcordl.obj
 0001:0001d108       CordlCmdHandler            0011e108 f   stkcordl.obj
 0001:0001d420       DDBCmdHandler              0011e420 f   stkddb.obj
 0001:0001d538       DevCmdHandler              0011e538 f   stkdev.obj
 0001:0001d5f4       DevIpcCallback             0011e5f4 f   stkdev.obj
 0001:0001d680       GapIpcUserListLock         0011e680 f   stkgap.obj
 0001:0001d6a0       GapIpcUserListUnlock       0011e6a0 f   stkgap.obj
 0001:0001d6ac       GapIpcInit                 0011e6ac f   stkgap.obj
 0001:0001d6e8       GapIpcDeinit               0011e6e8 f   stkgap.obj
 0001:0001d718       GapIpcCallback             0011e718 f   stkgap.obj
 0001:0001d7d8       GapIpcGetUserCtxt          0011e7d8 f   stkgap.obj
 0001:0001d820       GapCmdHandler              0011e820 f   stkgap.obj
 0001:0001e2f8       HdpCmdHandler              0011f2f8 f   stkhdp.obj
 0001:0001ecb8       RemoveHfIpcChannel         0011fcb8 f   stkhf2.obj
 0001:0001ed4c       HFIpcInit                  0011fd4c f   stkhf2.obj
 0001:0001ed70       HFIpcInterfaceCleanup      0011fd70 f   stkhf2.obj
 0001:0001edf8       HFIpcCallback              0011fdf8 f   stkhf2.obj
 0001:0001f3a4       HFCmdHandler               001203a4 f   stkhf2.obj
 0001:000208b0       HFGIpcInit                 001218b0 f   stkhfg2.obj
 0001:000208d4       HFGIpcInterfaceCleanup     001218d4 f   stkhfg2.obj
 0001:00020930       HFGIpcCallback             00121930 f   stkhfg2.obj
 0001:00020bf8       HFGIpcDeinit               00121bf8 f   stkhfg2.obj
 0001:00020cf8       HFGCmdHandler              00121cf8 f   stkhfg2.obj
 0001:00021b94       HIDIpcInit                 00122b94 f   stkhid.obj
 0001:00021e18       HIDIpcInterfaceCleanup     00122e18 f   stkhid.obj
 0001:00021f04       StkHidCallback             00122f04 f   stkhid.obj
 0001:00022090       HIDCmdHandler              00123090 f   stkhid.obj
 0001:00022754       StkHSCallback              00123754 f   stkhs.obj
 0001:000227e4       HSCmdHandler               001237e4 f   stkhs.obj
 0001:00022900       StkIcmCallback             00123900 f   stkicm.obj
 0001:00022a14       StkIcmMeCallback           00123a14 f   stkicm.obj
 0001:00022ac8       IcmChooserCallback         00123ac8 f   stkicm.obj
 0001:00022bbc       IcmCmdHandler              00123bbc f   stkicm.obj
 0001:00022dec       McapIpcApiInit             00123dec f   stkmcap.obj
 0001:00022f3c       McapIpcInterfaceCleanup    00123f3c f   stkmcap.obj
 0001:000230e4       McapCmdHandler             001240e4 f   stkmcap.obj
 0001:0002360c       MECmdHandler               0012460c f   stkme.obj
 0001:000237cc       BCSPReset                  001247cc f   stkme.obj
 0001:00023894       ResetStack                 00124894 f   stkme.obj
 0001:00023934       MONCmdHandler              00124934 f   stkmon.obj
 0001:00023e68       Pan_Callback               00124e68 f   stkpan.obj
 0001:00023f1c       PanChooserCallback         00124f1c f   stkpan.obj
 0001:00024038       PanCmdHandler              00125038 f   stkpan.obj
 0001:000242a4       RFInterfaceEventHandler    001252a4 f   stkrf.obj
 0001:00024614       BtRfDeregisterUser         00125614 f   stkrf.obj
 0001:0002471c       RFCmdHandler               0012571c f   stkrf.obj
 0001:000256a8       SAPIpcApiInit              001266a8 f   stksap.obj
 0001:00025aec       SAPClientCmdHandler        00126aec f   stksap.obj
 0001:00025e18       SAPServerCmdHandler        00126e18 f   stksap.obj
 0001:00026110       BtSdpCommitRecord          00127110 f   stksdp.obj
 0001:00026274       BtSdpCreateRecord          00127274 f   stksdp.obj
 0001:00026320       BtSdpAddAttribute          00127320 f   stksdp.obj
 0001:0002645c       BtSdpDeleteRecord          0012745c f   stksdp.obj
 0001:00026524       BtVerifySdpObexQueryRsp    00127524 f   stksdp.obj
 0001:0002686c       BtSdpQueryOp               0012786c f   stksdp.obj
 0001:000269c8       SDPCmdHandler              001279c8 f   stksdp.obj
 0001:00026b2c       SecCmdHandler              00127b2c f   stksec.obj
 0001:00026df0       SecIpcCallback             00127df0 f   stksec.obj
 0001:00026e78       VdpIpcInit                 00127e78 f   stkvdp.obj
 0001:0002721c       VdpIpcInterfaceCleanup     0012821c f   stkvdp.obj
 0001:000273c8       StkVdpCallback             001283c8 f   stkvdp.obj
 0001:000275f0       VdpCmdHandler              001285f0 f   stkvdp.obj
 0001:00027dc8       Utf8ToWc                   00128dc8 f   Utf8conv.obj
 0001:00027f04       WcToUtf8                   00128f04 f   Utf8conv.obj
 0001:00027fe8       WcsToUtf8                  00128fe8 f   Utf8conv.obj
 0001:000280b0       Utf8ToWcs                  001290b0 f   Utf8conv.obj
 0001:0002816c       WRF_Init                   0012916c f   wrfcomm.obj
 0001:000281d0       WRF_Deinit                 001291d0 f   wrfcomm.obj
 0001:000281f8       WRF_DeregisterService      001291f8 f   wrfcomm.obj
 0001:000283b4       WRF_AcceptChannel          001293b4 f   wrfcomm.obj
 0001:00028420       WRF_RejectChannel          00129420 f   wrfcomm.obj
 0001:0002848c       WRF_CloseChannel           0012948c f   wrfcomm.obj
 0001:00028504       WRF_SendData               00129504 f   wrfcomm.obj
 0001:0002863c       WRF_FrameSize              0012963c f   wrfcomm.obj
 0001:000286a0       WRF_SetModemStatus         001296a0 f   wrfcomm.obj
 0001:0002873c       WRF_SetLineStatus          0012973c f   wrfcomm.obj
 0001:000287c4       WRF_RequestPortSettings    001297c4 f   wrfcomm.obj
 0001:00028868       WRF_AcceptPortSettings     00129868 f   wrfcomm.obj
 0001:000288cc       WRF_RequestPortStatus      001298cc f   wrfcomm.obj
 0001:00028928       WRF_SendPortSettings       00129928 f   wrfcomm.obj
 0001:00028988       WRF_AdvanceCredit          00129988 f   wrfcomm.obj
 0001:000289e8       WRF_CreditFlowEnabled      001299e8 f   wrfcomm.obj
 0001:00028a40       WRF_GetRemoteDevice        00129a40 f   wrfcomm.obj
 0001:00028aa4       WrfEventHandler            00129aa4 f   wrfcomm.obj
 0001:00028c98       AllocateWrfUser            00129c98 f   wrfcomm.obj
 0001:00028e70       WrfAddChannelEntry         00129e70 f   wrfcomm.obj
 0001:00028fd0       WrfRemoveChannelEntry      00129fd0 f   wrfcomm.obj
 0001:00029030       WRF_RegisterUser           0012a030 f   wrfcomm.obj
 0001:000290d4       WRF_DeregisterUser         0012a0d4 f   wrfcomm.obj
 0001:0002914c       WRF_RegisterServerChannelEx 0012a14c f   wrfcomm.obj
 0001:000292a0       WRF_OpenClientChannelEx    0012a2a0 f   wrfcomm.obj
 0001:0002941c       DllMain                    0012a41c f   xBtProt.obj
 0001:00029430       ModuleAddrEncrypt          0012a430 f   xBtProt.obj
 0001:000295f4       setEncriptionValid         0012a5f4 f   xBtProt.obj
 0001:000297e0       XBT_Init                   0012a7e0 f   xBtProt.obj
 0001:00029b94       XBT_Open                   0012ab94 f   xBtProt.obj
 0001:00029bfc       XBT_Close                  0012abfc f   xBtProt.obj
 0001:00029c20       XBT_Deinit                 0012ac20 f   xBtProt.obj
 0001:00029d00       XBT_Read                   0012ad00 f   xBtProt.obj
 0001:00029d20       XBT_Seek                   0012ad20 f   xBtProt.obj
 0001:00029d28       XBT_PowerUp                0012ad28 f   xBtProt.obj
 0001:00029d5c       XBT_PowerDown              0012ad5c f   xBtProt.obj
 0001:00029d90       XBT_IOControl              0012ad90 f   xBtProt.obj
 0001:0002a2e4       BNEP_Init                  0012b2e4 f   bnep.obj
 0001:0002a310       BNEP_Register              0012b310 f   bnep.obj
 0001:0002a380       BNEP_DeRegister            0012b380 f   bnep.obj
 0001:0002a3f0       BNEP_Open                  0012b3f0 f   bnep.obj
 0001:0002a508       BNEP_Accept                0012b508 f   bnep.obj
 0001:0002a630       BNEP_Close                 0012b630 f   bnep.obj
 0001:0002a6ac       BNEP_SendEtherPkt          0012b6ac f   bnep.obj
 0001:0002a954       BNEP_SendPkt               0012b954 f   bnep.obj
 0001:0002ab10       BNEP_Control               0012bb10 f   bnep.obj
 0001:0002ad50       BNEP_SetControlTimeout     0012bd50 f   bnep.obj
 0001:0002ad98       BnepGetLocalBnepAddr       0012bd98 f   bnep.obj
 0001:0002ade4       BnepGetRemoteBnepAddr      0012bde4 f   bnep.obj
 0001:0002ae2c       bnep_addr_aton             0012be2c f   bnep.obj
 0001:0002aedc       bnep_addr_ntoa             0012bedc f   bnep.obj
 0001:0002afe0       BNEP_DeInit                0012bfe0 f   bnep.obj
 0001:0002b068       BnepAppCallBack            0012c068 f   bnep_sm.obj
 0001:0002b570       L2BnepCallback             0012c570 f   bnep_sm.obj
 0001:0002b6ac       FindBnepPanu               0012c6ac f   bneputil.obj
 0001:0002b6f8       InitBnepPanu               0012c6f8 f   bneputil.obj
 0001:0002b788       DeInitBnepPanu             0012c788 f   bneputil.obj
 0001:0002b810       BnepSetTimer               0012c810 f   bneputil.obj
 0001:0002b8d0       BnepFindPanuTimer          0012c8d0 f   bneputil.obj
 0001:0002b910       BnepFindTimerPanu          0012c910 f   bneputil.obj
 0001:0002b974       BnepTimeoutHandler         0012c974 f   bneputil.obj
 0001:0002b9d4       BdToBnepAddr               0012c9d4 f   bneputil.obj
 0001:0002ba0c       BnepStartTimer             0012ca0c f   bneputil.obj
 0001:0002bb3c       ReadLocalBdAddr            0012cb3c f   bneputil.obj
 0001:0002bb74       BtInitMemory               0012cb74 f   btalloc.obj
 0001:0002c1a8       CMGR_IsLinkUp              0012d1a8 f   conmgr.obj
 0001:0002c208       CmgrDeregisterAudioHandler 0012d208 f   conmgr.obj
 0001:0002c2a8       CMGR_CreateAudioLink       0012d2a8 f   conmgr.obj
 0001:0002c410       CMGR_RemoveAudioLink       0012d410 f   conmgr.obj
 0001:0002c478       CMGR_IsAudioUp             0012d478 f   conmgr.obj
 0001:0002c4d4       CMGR_SetAudioDefaultParms  0012d4d4 f   conmgr.obj
 0001:0002c570       CMGR_SetAudioVoiceSettings 0012d570 f   conmgr.obj
 0001:0002c590       CMGR_SetAudioCustomParms   0012d590 f   conmgr.obj
 0001:0002c5c8       CMGR_ClearSniffTimer       0012d5c8 f   conmgr.obj
 0001:0002c638       CMGR_SetSniffExitPolicy    0012d638 f   conmgr.obj
 0001:0002c680       CMGR_GetSniffExitPolicy    0012d680 f   conmgr.obj
 0001:0002c6c0       CMGR_SetMasterRole         0012d6c0 f   conmgr.obj
 0001:0002d290       CMGR_Init                  0012e290 f   conmgr.obj
 0001:0002d354       CMGR_RegisterHandler       0012e354 f   conmgr.obj
 0001:0002d410       CMGR_DeregisterHandler     0012e410 f   conmgr.obj
 0001:0002d4c8       CMGR_CreateDataLink        0012e4c8 f   conmgr.obj
 0001:0002d6f8       CMGR_RemoveDataLink        0012e6f8 f   conmgr.obj
 0001:0002d818       CmgrRegisterAudioHandler   0012e818 f   conmgr.obj
 0001:0002d9b8       CMGR_SetSniffTimer         0012e9b8 f   conmgr.obj
 0001:0002da40       CMGR_IndicateLinkActivity  0012ea40 f   conmgr.obj
 0001:0002dad0       CMGR_DisableSniffTimer     0012ead0 f   conmgr.obj
 0001:0002db48       EVM_Init                   0012eb48 f   eventmgr.obj
 0001:0002dc78       EVM_Deinit                 0012ec78 f   eventmgr.obj
 0001:0002dd34       EvmStartTimer              0012ed34 f   eventmgr.obj
 0001:0002de64       EVM_Process                0012ee64 f   eventmgr.obj
 0001:0002de7c       EvmCancelTimer             0012ee7c f   eventmgr.obj
 0001:0002defc       HCI_Init                   0012eefc f   hci.obj
 0001:0002e120       HCI_Deinit                 0012f120 f   hci.obj
 0001:0002e4d0       HciSendCommand             0012f4d0 f   hci.obj
 0001:0002e5e8       HCI_IsCommandBusy          0012f5e8 f   hci.obj
 0001:0002e658       HCI_RegisterTransport      0012f658 f   hci.obj
 0001:0002e6ec       HCI_RegisterRadioHandler   0012f6ec f   hci.obj
 0001:0002e710       HCI_RadioInitialized       0012f710 f   hci.obj
 0001:0002e7bc       HCI_RadioDeinitializing    0012f7bc f   hci.obj
 0001:0002e808       HCI_SetSpeed               0012f808 f   hci.obj
 0001:0002e844       HCI_RequestToSend          0012f844 f   hci.obj
 0001:0002e904       HCI_SetFlowParms           0012f904 f   hci.obj
 0001:0002e950       HCI_SetScoPacketSize       0012f950 f   hci.obj
 0001:0002e99c       HCI_Reset                  0012f99c f   hci.obj
 0001:0002ea88       HCI_Config                 0012fa88 f   hci.obj
 0001:0002ee08       HciProcessEvent            0012fe08 f   hci_evnt.obj
 0001:0002f050       HciTransportError          00130050 f   hci_proc.obj
 0001:0002f064       HciBufferInd               00130064 f   hci_proc.obj
 0001:0002f0a0       HciPacketSent              001300a0 f   hci_proc.obj
 0001:0002ffd8       HCI_Process                00130fd8 f   hci_proc.obj
 0001:0003010c       HciGetTableEntry           0013110c f   hci_util.obj
 0001:00030174       HciSetNewBcHandle          00131174 f   hci_util.obj
 0001:00030218       HciAddConnection           00131218 f   hci_util.obj
 0001:00030424       HciDeleteConnection        00131424 f   hci_util.obj
 0001:000305a4       L2CAP_RegisterPsm          001315a4 f   l2cap.obj
 0001:0003079c       L2CAP_DeregisterPsm        0013179c f   l2cap.obj
 0001:00030854       L2CAP_SetFlushTimeout      00131854 f   l2cap.obj
 0001:000309e8       L2CAP_GetConnectionMode    001319e8 f   l2cap.obj
 0001:00030a54       L2CAP_GetTxMtu             00131a54 f   l2cap.obj
 0001:00030ac0       L2CAP_RegisterGroup        00131ac0 f   l2cap.obj
 0001:00030bac       L2CAP_GroupDestroy         00131bac f   l2cap.obj
 0001:00030c5c       L2CAP_GroupAddMember       00131c5c f   l2cap.obj
 0001:00030d08       L2CAP_GroupRemoveMember    00131d08 f   l2cap.obj
 0001:00030db0       L2Cap_GroupSend            00131db0 f   l2cap.obj
 0001:00030e58       L2Cap_QueueTxPacket        00131e58 f   l2cap.obj
 0001:00030ea0       L2Cap_Send                 00131ea0 f   l2cap.obj
 0001:00030fc4       L2Cap_SendDiscReqInternal  00131fc4 f   l2cap.obj
 0001:00031110       L2Cap_SendDiscRspInternal  00132110 f   l2cap.obj
 0001:000311fc       L2Cap_SendConfigReqInternal 001321fc f   l2cap.obj
 0001:000312dc       L2Cap_SendConfigRspInternal 001322dc f   l2cap.obj
 0001:00031488       L2CAP_DisconnectReq        00132488 f   l2cap.obj
 0001:00031528       L2CAP_SendData             00132528 f   l2cap.obj
 0001:00031610       L2Cap_SendConnRspInternal  00132610 f   l2cap.obj
 0001:00031758       L2Cap_SendConnReqInternal  00132758 f   l2cap.obj
 0001:000318dc       L2CAP_ConnectReq           001328dc f   l2cap.obj
 0001:00031a9c       L2CAP_ConnectRsp           00132a9c f   l2cap.obj
 0001:0003214c       L2E_WithValidReqSeq        0013314c f   l2cap_e.obj
 0001:0003219c       L2E_WithValidReqSeqRetrans 0013319c f   l2cap_e.obj
 0001:000322e8       L2E_InitEnhancedSettings   001332e8 f   l2cap_e.obj
 0001:000323ec       L2E_CheckEnhancedOptions   001333ec f   l2cap_e.obj
 0001:000326c8       L2E_SetEnhancedOptions     001336c8 f   l2cap_e.obj
 0001:00033ea8       L2E_SendAck                00134ea8 f   l2cap_e.obj
 0001:00034578       L2E_XmitState              00135578 f   l2cap_e.obj
 0001:00034804       L2E_ReturnEnhancedPkt      00135804 f   l2cap_e.obj
 0001:00034a28       L2E_FlushPendingTransmits  00135a28 f   l2cap_e.obj
 0001:00034ba8       L2E_FreeChannel            00135ba8 f   l2cap_e.obj
 0001:00035c18       L2E_HciReceive             00136c18 f   l2cap_e.obj
 0001:00036364       L2E_RecvState              00137364 f   l2cap_e.obj
 0001:00036c64       L2E_AllocEnhancedChannel   00137c64 f   l2cap_e.obj
 0001:00036e18       L2CAP_HciTxDone            00137e18 f   l2cap_if.obj
 0001:0003713c       L2CAP_HciTxReady           0013813c f   l2cap_if.obj
 0001:000372ec       L2CAP_LinkDisconnect       001382ec f   l2cap_if.obj
 0001:000374e4       L2Cap_SecAccessRsp         001384e4 f   l2cap_if.obj
 0001:00037720       L2CAP_HciReceive           00138720 f   l2cap_if.obj
 0001:00038a7c       L2Cap_StateMachine         00139a7c f   l2cap_sm.obj
 0001:00038db4       L2Cap_ProcessReq           00139db4 f   l2cap_sm.obj
 0001:00039200       L2Cap_ProcessRsp           0013a200 f   l2cap_sm.obj
 0001:00039504       L2CAP_Init                 0013a504 f   l2cap_utl.obj
 0001:00039738       L2Cap_GetValidChannel      0013a738 f   l2cap_utl.obj
 0001:00039784       L2Cap_GetValidGroup        0013a784 f   l2cap_utl.obj
 0001:000397c8       L2Cap_IsValidProtocol      0013a7c8 f   l2cap_utl.obj
 0001:00039810       L2Cap_FindChannelByLocalIdent 0013a810 f   l2cap_utl.obj
 0001:00039880       L2Cap_CheckForDupilicateRequest 0013a880 f   l2cap_utl.obj
 0001:00039900       L2Cap_FindFlushable        0013a900 f   l2cap_utl.obj
 0001:00039a8c       L2Cap_FreeChannel          0013aa8c f   l2cap_utl.obj
 0001:00039b4c       L2Cap_GetSysPkt            0013ab4c f   l2cap_utl.obj
 0001:00039bec       L2Cap_GetMtu               0013abec f   l2cap_utl.obj
 0001:00039c48       L2Cap_FlushChannelTransmits 0013ac48 f   l2cap_utl.obj
 0001:00039cc4       L2Cap_NotifyPsm            0013acc4 f   l2cap_utl.obj
 0001:00039d90       L2Cap_ValidateCommand      0013ad90 f   l2cap_utl.obj
 0001:0003a000       L2Cap_StartRtx             0013b000 f   l2cap_utl.obj
 0001:0003a034       L2Cap_StartErtx            0013b034 f   l2cap_utl.obj
 0001:0003a078       L2Cap_StopTimer            0013b078 f   l2cap_utl.obj
 0001:0003a094       L2Cap_AllocLinkChannel     0013b094 f   l2cap_utl.obj
 0001:0003a0fc       L2Cap_AllocPsmChannel      0013b0fc f   l2cap_utl.obj
 0001:0003a170       L2Cap_NotifyUserAndCloseChannel 0013b170 f   l2cap_utl.obj
 0001:0003a20c       ME_Init                    0013b20c f   me.obj
 0001:0003a35c       ME_Deinit                  0013b35c f   me.obj
 0001:0003a380       MeWriteClassOfDevice       0013b380 f   me.obj
 0001:0003a3cc       MeWriteLocalName           0013b3cc f   me.obj
 0001:0003a418       MeHandleCompleteTask       0013b418 f   me.obj
 0001:0003a4d0       MeHandleConnectionStatusOnly 0013b4d0 f   me.obj
 0001:0003a688       MeReportResults            0013b688 f   me.obj
 0001:0003a6dc       MeOperationEnd             0013b6dc f   me.obj
 0001:0003a6f8       MeFindGeneralEvent         0013b6f8 f   me.obj
 0001:0003a800       MeReportInqCancelComplete  0013b800 f   me.obj
 0001:0003a874       MeIsValidGeneralToken      0013b874 f   me.obj
 0001:0003abd4       MeCheckRemDevToken         0013bbd4 f   me.obj
 0001:0003ad54       MeSendHciCommand           0013bd54 f   me.obj
 0001:0003ad84       MePendingCommandHandler    0013bd84 f   me.obj
 0001:0003b694       MeFindMatchingToken        0013c694 f   me.obj
 0001:0003b81c       MeProcessGenToken          0013c81c f   me.obj
 0001:0003b94c       MeHandleEvents             0013c94c f   me.obj
 0001:0003bdbc       MeStartOperation           0013cdbc f   me.obj
 0001:0003c46c       MeWriteDefaultLinkPolicy   0013d46c f   me.obj
 0001:0003c4b8       MeReportNMResults          0013d4b8 f   me.obj
 0001:0003c4fc       MeProcessToken             0013d4fc f   me.obj
 0001:0003c574       MeReportMeCommandComplete  0013d574 f   me.obj
 0001:0003c6b0       MeFailCommand              0013d6b0 f   me.obj
 0001:0003c8f0       MeInitRadio                0013d8f0 f   me.obj
 0001:0003ce98       MeProcessInitStatus        0013de98 f   me.obj
 0001:0003cf28       MeFailPendingCommands      0013df28 f   me.obj
 0001:0003d21c       ME_Callback                0013e21c f   me.obj
 0001:0003d598       MeIsAccessModeInfoEqual    0013e598 f   meacc.obj
 0001:0003d5e0       MeChangeAccessibleMode     0013e5e0 f   meacc.obj
 0001:0003d7e0       MeIsScanValsLegal          0013e7e0 f   meacc.obj
 0001:0003d828       MeHandleAccessModeOp       0013e828 f   meacc.obj
 0001:0003dadc       Meai_UserCallback          0013eadc f   meai.obj
 0001:0003db20       Stream_Enable_Sco          0013eb20 f   meai.obj
 0001:0003dc70       Stream_Get_Source          0013ec70 f   meai.obj
 0001:0003dd9c       Stream_Get_Sink            0013ed9c f   meai.obj
 0001:0003dec8       Stream_Connect             0013eec8 f   meai.obj
 0001:0003dff4       Stream_Create_Operator     0013eff4 f   meai.obj
 0001:0003e138       Stream_Start_Operator      0013f138 f   meai.obj
 0001:0003e264       Stream_Stop_Operator       0013f264 f   meai.obj
 0001:0003e390       Stream_DisConnect          0013f390 f   meai.obj
 0001:0003e4bc       Stream_Close_Source        0013f4bc f   meai.obj
 0001:0003e5e8       Stream_Close_Sink          0013f5e8 f   meai.obj
 0001:0003e714       HQ_DSP_Send                0013f714 f   meai.obj
 0001:0003e80c       Hci_Bccmd_Vendor_Specific_Complete 0013f80c f   meai.obj
 0001:0003ebe4       MeHandleWriteLinkPolicyOp  0013fbe4 f   mecon.obj
 0001:0003ec48       MeHandleCancelConnectOp    0013fc48 f   mecon.obj
 0001:0003ecc8       MeHandleCancelRemNameOp    0013fcc8 f   mecon.obj
 0001:0003ee58       ME_FindRemoteDeviceP       0013fe58 f   mecon.obj
 0001:0003eec0       MeGetFreeRemoteDevice      0013fec0 f   mecon.obj
 0001:0003ef7c       MeMapHciToRemoteDevice     0013ff7c f   mecon.obj
 0001:0003efd4       MeCallLinkHandlers         0013ffd4 f   mecon.obj
 0001:0003f018       MeHandleLinkConnectReq     00140018 f   mecon.obj
 0001:0003f15c       MeHandleRemNameReqComplete 0014015c f   mecon.obj
 0001:0003f238       MeHandleQosSetupComplete   00140238 f   mecon.obj
 0001:0003f354       MeHandleRemHostSuppFeatures 00140354 f   mecon.obj
 0001:0003f39c       MeHandleLinkSupervTimeout  0014039c f   mecon.obj
 0001:0003f438       MeHandleSniffSubrating     00140438 f   mecon.obj
 0001:0003f5ac       MeDisconnectLink           001405ac f   mecon.obj
 0001:0003f884       MeSuspendTransmitters      00140884 f   mecon.obj
 0001:0003f900       MeRestartTransmitters      00140900 f   mecon.obj
 0001:0003f95c       MeEnumerateRemoteDevices   0014095c f   mecon.obj
 0001:0003f988       MeCheckModeChange          00140988 f   mecon.obj
 0001:0003f9f8       MeHandleDataReqWhileNotActive 001409f8 f   mecon.obj
 0001:0003fa48       MeHandleLinkDisconnectOp   00140a48 f   mecon.obj
 0001:0003fb38       MeHandleRemNameReqOp       00140b38 f   mecon.obj
 0001:0003fbe4       MeHandleHoldModeOp         00140be4 f   mecon.obj
 0001:0003fc88       MeHandleSniffModeOp        00140c88 f   mecon.obj
 0001:0003fcd4       MeHandleExitSniffModeOp    00140cd4 f   mecon.obj
 0001:0003fd58       MeHandleSetSniffSubratingParmsOp 00140d58 f   mecon.obj
 0001:0003fe1c       MeHandleParkModeOp         00140e1c f   mecon.obj
 0001:0003fec0       MeHandleExitParkModeOp     00140ec0 f   mecon.obj
 0001:0003ff44       MeHandleSwitchRoleOp       00140f44 f   mecon.obj
 0001:0004000c       MeChangeConnPacketTypeOp   0014100c f   mecon.obj
 0001:0004009c       MeHandleDisconnectComplete 0014109c f   mecon.obj
 0001:0004025c       MeHandleModeChange         0014125c f   mecon.obj
 0001:00040348       MeHandleRoleChange         00141348 f   mecon.obj
 0001:0004038c       MeHandleConnPacketTypeChange 0014138c f   mecon.obj
 0001:00040434       MeHandleDiscoverRole       00141434 f   mecon.obj
 0001:000404e4       MeReportLinkUp             001414e4 f   mecon.obj
 0001:00040604       MeHandleAclConComplete     00141604 f   mecon.obj
 0001:0004074c       MeHandleLinkConnectOp      0014174c f   mecon.obj
 0001:00040794       MeHandleLinkAcceptOp       00141794 f   mecon.obj
 0001:00040824       MeHandleLinkRejectOp       00141824 f   mecon.obj
 0001:000408f4       MeHandleReadRemFeaturesOp  001418f4 f   mecon.obj
 0001:00040990       MeHandleReadRemExtFeaturesOp 00141990 f   mecon.obj
 0001:00040a3c       MeHandleConnectComplete    00141a3c f   mecon.obj
 0001:00040b24       MeHandleReadRemFeatures    00141b24 f   mecon.obj
 0001:00040c64       MeHandleReadRemExtFeatures 00141c64 f   mecon.obj
 0001:00040d84       ME_RegisterGlobalHandler   00141d84 f   meif.obj
 0001:00040de4       ME_UnregisterGlobalHandler 00141de4 f   meif.obj
 0001:00040e38       ME_SetEventMask            00141e38 f   meif.obj
 0001:00040e8c       ME_SetInquiryMode          00141e8c f   meif.obj
 0001:00040f18       ME_GetInquiryMode          00141f18 f   meif.obj
 0001:00040f2c       ME_GetInqRspTxPowerLevel   00141f2c f   meif.obj
 0001:00040f40       ME_AutoCreateExtInquiryRsp 00141f40 f   meif.obj
 0001:000410d0       ME_SetExtInquiryRsp        001420d0 f   meif.obj
 0001:000411a8       ME_GetExtInqData           001421a8 f   meif.obj
 0001:00041248       ME_GetExtInqRemoteDeviceName 00142248 f   meif.obj
 0001:000412b0       ME_GetExtInqServiceClassList 001422b0 f   meif.obj
 0001:000414a4       ME_Inquiry                 001424a4 f   meif.obj
 0001:00041544       ME_CancelInquiry           00142544 f   meif.obj
 0001:0004161c       ME_SetConnectionPacketType 0014261c f   meif.obj
 0001:000416a4       ME_SetAccessibleModeNC     001426a4 f   meif.obj
 0001:000418e0       ME_GetAccessibleModeNC     001428e0 f   meif.obj
 0001:00041978       ME_GetCurAccessibleMode    00142978 f   meif.obj
 0001:000419dc       ME_SetAccessibleModeC      001429dc f   meif.obj
 0001:00041c14       ME_GetAccessibleModeC      00142c14 f   meif.obj
 0001:00041cac       ME_GetRemoteDeviceName     00142cac f   meif.obj
 0001:00041d5c       ME_CancelGetRemoteDeviceName 00142d5c f   meif.obj
 0001:00041e1c       ME_SetLocalDeviceName      00142e1c f   meif.obj
 0001:00041e88       ME_ReadLocalBdAddr         00142e88 f   meif.obj
 0001:00041f14       ME_CreateLink              00142f14 f   meif.obj
 0001:00042134       ME_ForceDisconnectLinkWithReason 00143134 f   meif.obj
 0001:00042284       ME_CancelCreateLink        00143284 f   meif.obj
 0001:00042340       ME_RegisterAcceptHandler   00143340 f   meif.obj
 0001:00042368       ME_SetConnectionRole       00143368 f   meif.obj
 0001:00042390       ME_AcceptIncomingLink      00143390 f   meif.obj
 0001:00042440       ME_RejectIncomingLink      00143440 f   meif.obj
 0001:000424ec       SEC_RegisterPairingHandler 001434ec f   meif.obj
 0001:00042514       SEC_RegisterAuthorizeHandler 00143514 f   meif.obj
 0001:00042728       SEC_UserConfirm            00143728 f   meif.obj
 0001:00042794       SEC_SetPassKey             00143794 f   meif.obj
 0001:000427c0       SEC_SetPin                 001437c0 f   meif.obj
 0001:000427c4       SEC_SetAuthRequirements    001437c4 f   meif.obj
 0001:000427f0       SEC_GetAuthRequirements    001437f0 f   meif.obj
 0001:00042814       SEC_AuthenticateLink       00143814 f   meif.obj
 0001:000428a8       SEC_Register               001438a8 f   meif.obj
 0001:00042968       SEC_Unregister             00143968 f   meif.obj
 0001:000429c0       SEC_AccessRequest          001439c0 f   meif.obj
 0001:00042ba8       SEC_CancelAccessRequest    00143ba8 f   meif.obj
 0001:00042cd8       SEC_EnableSecurityMode3    00143cd8 f   meif.obj
 0001:00042d54       SEC_DisableSecurityMode3   00143d54 f   meif.obj
 0001:00042de0       SEC_SetBondingMode         00143de0 f   meif.obj
 0001:00042e0c       SEC_GetBondingMode         00143e0c f   meif.obj
 0001:00042e30       SEC_SetIoCapabilities      00143e30 f   meif.obj
 0001:00042e5c       SEC_GetIoCapabilities      00143e5c f   meif.obj
 0001:00042e80       SEC_AddDeviceRecord        00143e80 f   meif.obj
 0001:00042eac       SEC_FindDeviceRecord       00143eac f   meif.obj
 0001:00042eec       ME_Hold                    00143eec f   meif.obj
 0001:00042f6c       ME_StartSniff              00143f6c f   meif.obj
 0001:00043014       ME_StopSniff               00144014 f   meif.obj
 0001:00043070       ME_SetSniffSubratingParms  00144070 f   meif.obj
 0001:000430f8       ME_StartPark               001440f8 f   meif.obj
 0001:00043178       ME_StopPark                00144178 f   meif.obj
 0001:000431d4       ME_StartParkAll            001441d4 f   meif.obj
 0001:000432e0       ME_StopParkAll             001442e0 f   meif.obj
 0001:000433dc       ME_SwitchRole              001443dc f   meif.obj
 0001:0004342c       ME_SetClassOfDevice        0014442c f   meif.obj
 0001:00043470       ME_GetChannelClassification 00144470 f   meif.obj
 0001:000434a4       ME_MarkAfhChannels         001444a4 f   meif.obj
 0001:0004362c       ME_SendHciCommand          0014462c f   meif.obj
 0001:00043784       ME_GetHciConnectionHandle  00144784 f   meif.obj
 0001:000437a0       ME_GetBdAddr               001447a0 f   meif.obj
 0001:000437e8       ME_SetDefaultLinkPolicy    001447e8 f   meif.obj
 0001:00043860       ME_GetStackInitState       00144860 f   meif.obj
 0001:00043870       ME_GetBtVersion            00144870 f   meif.obj
 0001:00043884       ME_GetBtFeatures           00144884 f   meif.obj
 0001:000438a8       ME_GetRemoteFeatures       001448a8 f   meif.obj
 0001:000438cc       ME_GetRemoteHostFeatures   001448cc f   meif.obj
 0001:000438f0       ME_CheckRadioFeature       001448f0 f   meif.obj
 0001:0004398c       ME_CheckRemoteFeature      0014498c f   meif.obj
 0001:00043a24       ME_CheckRemoteHostFeature  00144a24 f   meif.obj
 0001:00043ac0       ME_HasPendingTask          00144ac0 f   meif.obj
 0001:00043e1c       ME_RadioShutdownTime       00144e1c f   meif.obj
 0001:00043ea0       ME_SetHciScoPacketSize     00144ea0 f   meif.obj
 0001:00043ea4       ME_SetInqTxPowerLevel      00144ea4 f   meif.obj
 0001:00043f68       SEC_AuthorizeServiceB      00144f68 f   meif.obj
 0001:000440c4       SEC_SetLinkEncryption      001450c4 f   meif.obj
 0001:000442b8       ME_SetChannelClassification 001452b8 f   meif.obj
 0001:00044400       ME_MarkWiFiChannel         00145400 f   meif.obj
 0001:00044460       ME_SendHciCommandSync      00145460 f   meif.obj
 0001:00044480       ME_SendHciCommandAsync     00145480 f   meif.obj
 0001:00044718       ScoChangeConnPacketTypeOp  00145718 f   mesco.obj
 0001:00044794       ScoHandleConnChanged       00145794 f   mesco.obj
 0001:00044894       ScoHandleVoiceSettingsOp   00145894 f   mesco.obj
 0001:0004493c       ScoHandleDisconnectComplete 0014593c f   mesco.obj
 0001:00044ae0       ScoGetFreeConnect          00145ae0 f   mesco.obj
 0001:00044b4c       ScoReportScoLinkUp         00145b4c f   mesco.obj
 0001:00044be4       ScoMapHciToConnect         00145be4 f   mesco.obj
 0001:00044c48       ScoHandleConnectComplete   00145c48 f   mesco.obj
 0001:00044ebc       ScoHandleLinkConnectOp     00145ebc f   mesco.obj
 0001:00044f64       ScoHandleLinkSetupOp       00145f64 f   mesco.obj
 0001:00044fbc       ScoHandleLinkDisconnectOp  00145fbc f   mesco.obj
 0001:00045080       ScoHandleLinkAcceptOp      00146080 f   mesco.obj
 0001:000450cc       ScoHandleLinkRejectOp      001460cc f   mesco.obj
 0001:00045118       ScoHandleLinkConnectReq    00146118 f   mesco.obj
 0001:0004547c       ScoHandleDisconnectAcl     0014647c f   mesco.obj
 0001:000455bc       Sco_Send                   001465bc f   mescodat.obj
 0001:00045604       ScoDataCallback            00146604 f   mescodat.obj
 0001:00045758       SCO_CreateLink             00146758 f   mescoif.obj
 0001:00045888       SCO_SetupLink              00146888 f   mescoif.obj
 0001:00045a6c       SCO_DisconnectLink         00146a6c f   mescoif.obj
 0001:00045b4c       SCO_SetSettings            00146b4c f   mescoif.obj
 0001:00045bc4       SCO_SendData               00146bc4 f   mescoif.obj
 0001:00045c18       SCO_RegisterHandler        00146c18 f   mescoif.obj
 0001:00045c70       SCO_UnregisterHandler      00146c70 f   mescoif.obj
 0001:00045cd0       SCO_AcceptIncomingConnection 00146cd0 f   mescoif.obj
 0001:00045d40       SCO_RejectIncomingConnection 00146d40 f   mescoif.obj
 0001:00045db0       SCO_SetErroneousDataReporting 00146db0 f   mescoif.obj
 0001:00045e3c       SCO_GetErroneousDataReporting 00146e3c f   mescoif.obj
 0001:00045e50       SecHandleSetSmpDbgModeOp   00146e50 f   mesec.obj
 0001:00045ee4       SecHandleKeypress          00146ee4 f   mesec.obj
 0001:00045f38       SecHandleSimplePairingComplete 00146f38 f   mesec.obj
 0001:00045fa0       SecHandleReturnLinkKeys    00146fa0 f   mesec.obj
 0001:00046064       SecHandleLinkKeyNotify     00147064 f   mesec.obj
 0001:000461a0       SecHandleIoCapRsp          001471a0 f   mesec.obj
 0001:0004622c       SecReportSecurityModeResult 0014722c f   mesec.obj
 0001:000462ec       SecGetPinLen               001472ec f   mesec.obj
 0001:0004632c       SecIsLinkKeyGoodEnough     0014732c f   mesec.obj
 0001:000463a4       SecIsCurrentSecurityGoodEnough 001473a4 f   mesec.obj
 0001:0004643c       SecAccessTimeoutHandler    0014743c f   mesec.obj
 0001:000464f0       SecBtGetFreeSecurityOp     001474f0 f   mesec.obj
 0001:000465c4       SecMeHandleRefreshEncryptKeyOp 001475c4 f   mesec.obj
 0001:00046a94       SecHandleLinkKeyReq        00147a94 f   mesec.obj
 0001:00046b44       SecHandleUserIoReq         00147b44 f   mesec.obj
 0001:00046e94       SecHandlePassKeyReq        00147e94 f   mesec.obj
 0001:00046f44       SecHandleUserPassKeyNotify 00147f44 f   mesec.obj
 0001:00046f94       SecHandleRemOobDataReq     00147f94 f   mesec.obj
 0001:00047064       SecHandleConfirmReq        00148064 f   mesec.obj
 0001:00047134       SecHandleIoCapReq          00148134 f   mesec.obj
 0001:000471bc       SecAddAuthenticateOpToQueue 001481bc f   mesec.obj
 0001:0004723c       SecProcessSecurityToken    0014823c f   mesec.obj
 0001:000475c4       SecSetSecurityMode         001485c4 f   mesec.obj
 0001:00047680       SecHandleLinkKeyRspOp      00148680 f   mesec.obj
 0001:000476c8       SecHandleUserIoRspOp       001486c8 f   mesec.obj
 0001:000476f8       SecHandleSecurityModeOp    001486f8 f   mesec.obj
 0001:00047864       SecHandleIoCapRspOp        00148864 f   mesec.obj
 0001:00047894       SecHandleGetOobDataOp      00148894 f   mesec.obj
 0001:000478f8       SecHandleRemOobDataReqRspOp 001488f8 f   mesec.obj
 0001:0004799c       SecProcessAllSecurityTokens 0014899c f   mesec.obj
 0001:00047a5c       SecHandleDenyOobDataReqRspOp 00148a5c f   mesec.obj
 0001:00047ad4       SecHandleAuthorizeOp       00148ad4 f   mesec.obj
 0001:00047bac       SecReportAuthenticateResult 00148bac f   mesec.obj
 0001:00047d5c       SecReportEncryptionResult  00148d5c f   mesec.obj
 0001:00047e18       SecHandleAuthenticateOp    00148e18 f   mesec.obj
 0001:00047ec8       SecHandleEncryptOp         00148ec8 f   mesec.obj
 0001:00047f6c       SecHandleAuthenticateComplete 00148f6c f   mesec.obj
 0001:00047fb0       SecHandleEncryptChange     00148fb0 f   mesec.obj
 0001:00048020       OS_Malloc                  00149020 f   oslib.obj
 0001:00048040       OS_Free                    00149040 f   oslib.obj
 0001:00048044       RMGR_RadioDeinit           00149044 f   radiomgr.obj
 0001:0004830c       RMGR_RadioShutdown         0014930c f   radiomgr.obj
 0001:00048538       RMGR_RadioInit             00149538 f   radiomgr.obj
 0001:00048634       IA_EventHandler            00149634 f   radiomod.obj
 0001:00048940       QC_EventHandler            00149940 f   radiomod.obj
 0001:00049330       RADIO_Init                 0014a330 f   radiomod.obj
 0001:00049398       TI_EventHandler            0014a398 f   radiomod.obj
 0001:00049840       INF_EventHandler           0014a840 f   radiomod.obj
 0001:00049b60       ERI_EventHandler           0014ab60 f   radiomod.obj
 0001:00049cb0       IFU_EventHandler           0014acb0 f   radiomod.obj
 0001:00049e60       BC_EventHandler            0014ae60 f   radiomod.obj
 0001:0004a0e4       MOT_EventHandler           0014b0e4 f   radiomod.obj
 0001:0004a2c0       RADIO_Shutdown             0014b2c0 f   radiomod.obj
 0001:0004a414       RADIO_EventHandler         0014b414 f   radiomod.obj
 0001:0004aadc       RfSendParmNegotiation      0014badc f   rfc_ctl.obj
 0001:0004acd8       RfSendModemStatus          0014bcd8 f   rfc_ctl.obj
 0001:0004ae5c       RfSendLineStatus           0014be5c f   rfc_ctl.obj
 0001:0004afc0       RfSendRemotePortNeg        0014bfc0 f   rfc_ctl.obj
 0001:0004b17c       RfSendAggregateFlow        0014c17c f   rfc_ctl.obj
 0001:0004b248       RfSendTest                 0014c248 f   rfc_ctl.obj
 0001:0004b9e8       RfControlChannel           0014c9e8 f   rfc_ctl.obj
 0001:0004bd60       RfCalcFCS                  0014cd60 f   rfc_fcs.obj
 0001:0004bd9c       RfIsValidFCS               0014cd9c f   rfc_fcs.obj
 0001:0004bde4       RfFreeChannel              0014cde4 f   rfc_sm.obj
 0001:0004bf50       RfAdvanceIncomingToOpenState 0014cf50 f   rfc_sm.obj
 0001:0004bfa8       RfSendCommandPacket        0014cfa8 f   rfc_sm.obj
 0001:0004c17c       RfSendCommand              0014d17c f   rfc_sm.obj
 0001:0004c310       RfSendAck                  0014d310 f   rfc_sm.obj
 0001:0004c3d0       RfSendDataInternal         0014d3d0 f   rfc_sm.obj
 0001:0004c5d0       RfSecCallback              0014d5d0 f   rfc_sm.obj
 0001:0004c6a8       RfDlcStateDisconnected     0014d6a8 f   rfc_sm.obj
 0001:0004c7f8       RfDlcStateConnected        0014d7f8 f   rfc_sm.obj
 0001:0004c950       RfDlcStateConnPending      0014d950 f   rfc_sm.obj
 0001:0004cba0       RfDlcStateConnIncoming     0014dba0 f   rfc_sm.obj
 0001:0004cc00       RfDlcStateDiscPending      0014dc00 f   rfc_sm.obj
 0001:0004cd58       RfDlcStateDiscIncoming     0014dd58 f   rfc_sm.obj
 0001:0004cdfc       RfAdvanceNegPending        0014ddfc f   rfc_sm.obj
 0001:0004cef4       RfDlcStateNegPending       0014def4 f   rfc_sm.obj
 0001:0004cfe4       RfDlcStateSecPending       0014dfe4 f   rfc_sm.obj
 0001:0004d8f4       RfL2Callback               0014e8f4 f   rfc_sm.obj
 0001:0004dbac       RF_Init                    0014ebac f   rfc_util.obj
 0001:0004dd28       RF_Deinit                  0014ed28 f   rfc_util.obj
 0001:0004dd40       RfIsValidChannel           0014ed40 f   rfc_util.obj
 0001:0004dd70       RfIsChannelAllocated       0014ed70 f   rfc_util.obj
 0001:0004ddd0       RfFreeUsePendingChannel    0014edd0 f   rfc_util.obj
 0001:0004de94       RfAllocService             0014ee94 f   rfc_util.obj
 0001:0004dfb8       RfGetFreeServiceChannel    0014efb8 f   rfc_util.obj
 0001:0004e0ac       RfFindMuxIdByRemDev        0014f0ac f   rfc_util.obj
 0001:0004e10c       RfFreeDLC                  0014f10c f   rfc_util.obj
 0001:0004e310       RfFindDlcIdByDlci          0014f310 f   rfc_util.obj
 0001:0004e384       RfDisconnectDLC            0014f384 f   rfc_util.obj
 0001:0004e3fc       RfDisconnectMux            0014f3fc f   rfc_util.obj
 0001:0004e448       RfCheckForCreditToSend     0014f448 f   rfc_util.obj
 0001:0004e614       RfMUXCheckNextTxQueue      0014f614 f   rfc_util.obj
 0001:0004e7fc       RfMUXCheckTxQueues         0014f7fc f   rfc_util.obj
 0001:0004e888       RfFreeServerChannel        0014f888 f   rfc_util.obj
 0001:0004e968       RfFreeService              0014f968 f   rfc_util.obj
 0001:0004ea2c       RfFreeMux                  0014fa2c f   rfc_util.obj
 0001:0004ead8       RfDisconnectL2CAP          0014fad8 f   rfc_util.obj
 0001:0004eb18       RfTimeoutHandler           0014fb18 f   rfc_util.obj
 0001:0004ec8c       RfAppCallback              0014fc8c f   rfc_util.obj
 0001:0004eee4       RfAllocMux                 0014fee4 f   rfc_util.obj
 0001:0004f0e8       RfAllocDLC                 001500e8 f   rfc_util.obj
 0001:0004f2fc       RF_RegisterServerChannel   001502fc f   rfcomm.obj
 0001:0004f380       RF_DeregisterServerChannel 00150380 f   rfcomm.obj
 0001:0004f3e0       RF_DeregisterService       001503e0 f   rfcomm.obj
 0001:0004f6e8       RF_OpenClientChannel       001506e8 f   rfcomm.obj
 0001:0004f80c       RF_CloseChannel            0015080c f   rfcomm.obj
 0001:0004f8d4       RF_RespondChannel          001508d4 f   rfcomm.obj
 0001:0004f988       RF_SendData                00150988 f   rfcomm.obj
 0001:0004fa9c       RF_SetModemStatus          00150a9c f   rfcomm.obj
 0001:0004fb7c       RF_SetLineStatus           00150b7c f   rfcomm.obj
 0001:0004fc24       RF_SendPortSettings        00150c24 f   rfcomm.obj
 0001:0004fcd8       RF_RespondPortSettings     00150cd8 f   rfcomm.obj
 0001:0004fde4       RF_FrameSize               00150de4 f   rfcomm.obj
 0001:0004fe9c       RF_AdvanceCredit           00150e9c f   rfcomm.obj
 0001:0004ff40       RF_CreditFlowEnabled       00150f40 f   rfcomm.obj
 0001:0004ffc0       RF_RemoteDevice            00150fc0 f   rfcomm.obj
 0001:00050024       RXBUFF_Init                00151024 f   rxbuff.obj
 0001:00050168       RXBUFF_Alloc               00151168 f   rxbuff.obj
 0001:000503a4       RXBUFF_Free                001513a4 f   rxbuff.obj
 0001:00050468       RXBUFF_SetLength           00151468 f   rxbuff.obj
 0001:000504c8       SDP_Init                   001514c8 f   sdp.obj
 0001:00050520       SDP_Deinit                 00151520 f   sdp.obj
 0001:00050530       SdpDeinitClient            00151530 f   sdpclient.obj
 0001:00050548       SDP_ParseAttributes        00151548 f   sdpclient.obj
 0001:00050ef0       SdpClientCallback          00151ef0 f   sdpclient.obj
 0001:00050f5c       SdpQueryTimerFire          00151f5c f   sdpclient.obj
 0001:00051114       SdpClientProcessResp       00152114 f   sdpclient.obj
 0001:00051278       SdpClientStartQuery        00152278 f   sdpclient.obj
 0001:00051354       SDP_Query                  00152354 f   sdpclient.obj
 0001:00051518       SDP_KeepClientAlive        00152518 f   sdpclient.obj
 0001:0005156c       SdpClientL2CapCallback     0015256c f   sdpclient.obj
 0001:00051674       SdpInitClient              00152674 f   sdpclient.obj
 0001:000516e8       SdpDeinitServer            001526e8 f   sdpserv.obj
 0001:00051700       SDP_CreateEIRServiceClassList 00152700 f   sdpserv.obj
 0001:00051a1c       SdpServSendError           00152a1c f   sdpserv.obj
 0001:00051a7c       SdpFindUuidInAttrib        00152a7c f   sdpserv.obj
 0001:00051b70       SdpServGetNextContState    00152b70 f   sdpserv.obj
 0001:00051bb8       SdpServFindSdpRecord       00152bb8 f   sdpserv.obj
 0001:00051c10       SdpServFindMarkedAttribute 00152c10 f   sdpserv.obj
 0001:00051c60       SdpMarkAttribute           00152c60 f   sdpserv.obj
 0001:00051da8       SdpVerifyParmLength        00152da8 f   sdpserv.obj
 0001:00051e50       SdpStoreAttribData         00152e50 f   sdpserv.obj
 0001:000522dc       SdpServFinishUpPacket      001532dc f   sdpserv.obj
 0001:0005236c       SdpHandleMarkedRecord      0015336c f   sdpserv.obj
 0001:000523ec       SdpServGetInfo             001533ec f   sdpserv.obj
 0001:000524f8       SdpServUpdateClassOfDevice 001534f8 f   sdpserv.obj
 0001:00052568       SdpServVerifyRecord        00153568 f   sdpserv.obj
 0001:000525f0       SdpUpdateServiceDatabaseState 001535f0 f   sdpserv.obj
 0001:00052690       SDP_AddRecord              00153690 f   sdpserv.obj
 0001:000527a0       SDP_RemoveRecord           001537a0 f   sdpserv.obj
 0001:00052804       SdpFindUuidInRecord        00153804 f   sdpserv.obj
 0001:00052890       SdpServMarkAttribs         00153890 f   sdpserv.obj
 0001:00052a68       SdpServHandleAttribReq     00153a68 f   sdpserv.obj
 0001:00052d2c       SdpServMarkMatches         00153d2c f   sdpserv.obj
 0001:00052e18       SdpServHandleServiceSearch 00153e18 f   sdpserv.obj
 0001:000531e8       SdpServHandleServiceSearchAttribReq 001541e8 f   sdpserv.obj
 0001:0005374c       SdpServParseQuery          0015474c f   sdpserv.obj
 0001:0005385c       SdpServL2CapCallback       0015485c f   sdpserv.obj
 0001:00053a0c       SdpInitServer              00154a0c f   sdpserv.obj
 0001:00053c7c       SdpFindRemDevWithSdpChannel 00154c7c f   sdputil.obj
 0001:00053ce4       SdpParseElement            00154ce4 f   sdputil.obj
 0001:00053dd4       SdpParseElementHeader      00154dd4 f   sdputil.obj
 0001:00053e24       SdpPromoteUUIDto32         00154e24 f   sdputil.obj
 0001:00054048       SdpVerifyDataElement       00155048 f   sdputil.obj
 0001:000541b4       SdpUuidCmp                 001551b4 f   sdputil.obj
 0001:00054394       SdpValidateQueryParms      00155394 f   sdputil.obj
 0001:000545d8       TCS_Init                   001555d8 f   tcs.obj
 0001:000545f8       TCS_Register               001555f8 f   tcs.obj
 0001:000546b4       TCS_Deinit                 001556b4 f   tcs.obj
 0001:00054720       TCS_Open                   00155720 f   tcs.obj
 0001:0005480c       TCS_Close                  0015580c f   tcs.obj
 0001:0005485c       TCS_SendMsg                0015585c f   tcs.obj
 0001:00054910       TCS_DL_Connected           00155910 f   tcs.obj
 0001:000549ac       TCS_DL_Disconnected        001559ac f   tcs.obj
 0001:00054a3c       TCS_CallDisconnect         00155a3c f   tcs.obj
 0001:00054b44       AppTcsCB                   00155b44 f   tcs_sm.obj
 0001:00054bf8       TcsTimeoutCancel           00155bf8 f   tcs_sm.obj
 0001:00054c24       TcsCmdSend3                00155c24 f   tcs_sm.obj
 0001:00054d38       TcsCmdSend2                00155d38 f   tcs_sm.obj
 0001:00054d84       AllocTcsCh                 00155d84 f   tcs_sm.obj
 0001:00054e18       L2TcsCallback              00155e18 f   tcs_sm.obj
 0001:00054f10       TcsStateSet                00155f10 f   tcs_sm.obj
 0001:00055080       TcsCmdSend                 00156080 f   tcs_sm.obj
 0001:000550e8       TcsTimeoutHandler          001560e8 f   tcs_sm.obj
 0001:00055914       TcsCStateMachine           00156914 f   tcsccsm.obj
 0001:00055bbc       Tcs_msg_data_rx            00156bbc f   tcsmdrx.obj
 0001:000561f8       Tcs_msg_data_tx            001571f8 f   tcsmdtx.obj
 0001:00056514       Tcs_msg_data_valid         00157514 f   tcsmdtx.obj
 0001:00056840       TCS_PMP_Init               00157840 f   tcspmp.obj
 0001:00056890       TCS_PMP_Deinit             00157890 f   tcspmp.obj
 0001:000568a4       TCS_PMP_Add                001578a4 f   tcspmp.obj
 0001:000568d4       TCS_PMP_Remove             001578d4 f   tcspmp.obj
 0001:00056904       TCS_BroadcastSetup         00157904 f   tcspmp.obj
 0001:000569e8       TCS_GroupEvent             001579e8 f   tcspmp.obj
 0001:00056a94       XAD_RegisterDecoder        00157a94 f   utils.obj
 0001:00056b20       XBT_Write                  00157b20 f   xBtProt.obj
 0001:00056b20       DDB_Open                   00157b20 f   ddb4wapi.obj
 0001:00056b20       DDB_Close                  00157b20 f   ddb4wapi.obj
 0001:00056b28       DDB_AddRecord              00157b28 f   ddb4wapi.obj
 0001:00056bf0       DDB_FindRecord             00157bf0 f   ddb4wapi.obj
 0001:00056ca0       OS_GetSystemTime           00157ca0 f   osapi.obj
 0001:00056ca4       OS_CancelTimer             00157ca4 f   osapi.obj
 0001:00056ce8       OS_Rand                    00157ce8 f   osapi.obj
 0001:00056d20       OS_StopHardware            00157d20 f   osapi.obj
 0001:00056d40       OS_ResumeHardware          00157d40 f   osapi.obj
 0001:00056d60       OS_MemCopy                 00157d60 f   osapi.obj
 0001:00056d64       OS_MemCmp                  00157d64 f   osapi.obj
 0001:00056da0       OS_MemSet                  00157da0 f   osapi.obj
 0001:00056da4       OS_NotifyEvm               00157da4 f   osapi.obj
 0001:00056dc0       OS_LockStack               00157dc0 f   osapi.obj
[...]
 0001:00050f98       StartNextQuery             00151f98 f   sdpclient.obj
 0001:00053e68       VerifyServiceSearchPattern 00154e68 f   sdputil.obj
 0001:00053f1c       VerifyAttributeIdList      00154f1c f   sdputil.obj
 0001:00055274       TcsSM_Msg_release          00156274 f   tcsccsm.obj
 0001:0005530c       TcsSM_Msg_setup            0015630c f   tcsccsm.obj
 0001:000553a0       TcsSM_Msg_connect          001563a0 f   tcsccsm.obj
 0001:00055434       TcsSM_Msg_event            00156434 f   tcsccsm.obj
 0001:00055854       TcsSM_Msg_event_post       00156854 f   tcsccsm.obj
 0001:00056e74       StackThread                00157e74 f   osapi.obj
 0001:00056ee4       TimerThread                00157ee4 f   osapi.obj
 0001:000572c4       commandWatchdog            001582c4 f   hcitodriver.obj
 0001:000572fc       StartTransportWatchdog     001582fc f   hcitodriver.obj
 0001:00057344       RxBufferInd                00158344 f   hcitodriver.obj
 0001:00057378       GetRxBuffer                00158378 f   hcitodriver.obj
 0001:00057424       PacketSent                 00158424 f   hcitodriver.obj
 0001:00057440       TransportError             00158440 f   hcitodriver.obj
 0001:00057ce0       A2dpFindExistingConnection 00158ce0 f   a2dp.obj
 0001:00058098       A2dpCloseTimer             00159098 f   a2dp.obj
 0001:00058a40       A2dpVerifySdpQueryRsp      00159a40 f   a2dp_sdp.obj
 0001:00058ce0       A2dpSdpEventHandler        00159ce0 f   a2dp_sdp.obj
 0001:000591c8       A2dpFindNextStreamInfo     0015a1c8 f   a2dp_sm.obj
 0001:00059e78       AvctpConnFindFreeChannel   0015ae78 f   avctpcon.obj
 0001:0005a1a8       AvctpConnDisconnected      0015b1a8 f   avctpcon.obj
 0001:0005a24c       AvctpConnConnIncoming      0015b24c f   avctpcon.obj
 0001:0005a24c       AvctpConnConnPending       0015b24c f   avctpcon.obj
 0001:0005a2f8       AvctpConnDiscPending       0015b2f8 f   avctpcon.obj
 0001:0005a2f8       AvctpConnDiscIncoming      0015b2f8 f   avctpcon.obj
 0001:0005a388       AvctpConnConnected         0015b388 f   avctpcon.obj
 0001:0005a4a8       AvctpMsgHandleRcpCommand   0015b4a8 f   avctpmsg.obj
 0001:0005a5b8       AvctpMsgHandleBrwsCommand  0015b5b8 f   avctpmsg.obj
 0001:0005a67c       AvctpMsgHandleCommand      0015b67c f   avctpmsg.obj
 0001:0005a710       AvctpMsgHandleRcpResponse  0015b710 f   avctpmsg.obj
 0001:0005a820       AvctpMsgHandleBrwsResponse 0015b820 f   avctpmsg.obj
 0001:0005a8e4       AvctpMsgHandleRcpReject    0015b8e4 f   avctpmsg.obj
 0001:0005a9f4       AvctpMsgHandleBrwsReject   0015b9f4 f   avctpmsg.obj
 0001:0005aae4       AvctpSendNextRcpFrame      0015bae4 f   avctpmsg.obj
 0001:0005abf8       AvctpSendNextBrwsFrame     0015bbf8 f   avctpmsg.obj
 0001:0005ad10       AvctpMsgCb                 0015bd10 f   avctpmsg.obj
 0001:0005af64       AvctpConnCb                0015bf64 f   avctpmsg.obj
 0001:0005b2b4       AvdevSendCommand           0015c2b4 f   avdevice.obj
 0001:0005b380       AvdevSendAvdtpEvent        0015c380 f   avdevice.obj
 0001:0005b424       AvdevAvdtpCallback         0015c424 f   avdevice.obj
 0001:0005ba5c       AvdevAllocListeningDevice  0015ca5c f   avdevice.obj
 0001:0005baf8       AvdevCmgrCallback          0015caf8 f   avdevice.obj
 0001:0005d640       AvdtpConnFindConn          0015e640 f   avdtpcon.obj
 0001:0005d6a4       AvdtpConnFindOrphanedStreamConn 0015e6a4 f   avdtpcon.obj
 0001:0005d8d0       AvdtpFreeConn              0015e8d0 f   avdtpcon.obj
 0001:0005daac       AvdtpConnDisconnected      0015eaac f   avdtpcon.obj
 0001:0005db40       AvdtpConnConnPending       0015eb40 f   avdtpcon.obj
 0001:0005dbec       AvdtpConnConnIncoming      0015ebec f   avdtpcon.obj
 0001:0005dc94       AvdtpConnDiscPending       0015ec94 f   avdtpcon.obj
 0001:0005dd64       AvdtpConnDiscIncoming      0015ed64 f   avdtpcon.obj
 0001:0005ddf8       AvdtpConnConnected         0015edf8 f   avdtpcon.obj
 0001:0005e260       AvrcpCmgrCallback          0015f260 f   avrcp.obj
 0001:0005e370       AvCtpCallback              0015f370 f   avrcp.obj
 0001:0005e850       AvrcpHandleGetCapabilitiesRsp 0015f850 f   avrcpact.obj
 0001:0005e95c       AvrcpHandleListPlayerAttrRsp 0015f95c f   avrcpact.obj
 0001:0005ea04       AvrcpHandleGetPlayerValuesRsp 0015fa04 f   avrcpact.obj
 0001:0005eaf4       AvrcpHandleGetPlayerAttrTxtRsp 0015faf4 f   avrcpact.obj
 0001:0005ec20       AvrcpHandleGetPlayerValueTxtRsp 0015fc20 f   avrcpact.obj
 0001:0005ed4c       AvrcpHandleGetElementAttrRsp 0015fd4c f   avrcpact.obj
 0001:0005eeb8       AvrcpHandleGetPlayStatusRsp 0015feb8 f   avrcpact.obj
 0001:0005ef48       AvrcpHandleRegisterNotifyRsp 0015ff48 f   avrcpact.obj
 0001:0005f184       AvrcpFlushCommandQueue     00160184 f   avrcpact.obj
 0001:0005f21c       AvrcpSendAdvancedCommand   0016021c f   avrcpact.obj
 0001:0005ff20       AvrcpAdvancedContinue      00160f20 f   avrcpact.obj
 0001:0005ff7c       AvrcpSendNextCommand       00160f7c f   avrcpact.obj
 0001:00060028       AvrcpHandleAdvancedResponse 00161028 f   avrcpact.obj
 0001:000605f8       AvrcpAdvancedRspFragment   001615f8 f   avrcpact.obj
 0001:00060b4c       AvrcpIsRegdForNotify       00161b4c f   avrcpatg.obj
 0001:00060b94       AvrcpUnregisterNotify      00161b94 f   avrcpatg.obj
 0001:00060bec       AvrcpSendAdvancedResponse  00161bec f   avrcpatg.obj
 0001:00060dbc       AvrcpHandleGetCapabilitiesCmd 00161dbc f   avrcpatg.obj
 0001:00060f14       AvrcpHandleListPlayerAttrCmd 00161f14 f   avrcpatg.obj
 0001:00060fcc       AvrcpHandleListPlayerValuesCmd 00161fcc f   avrcpatg.obj
 0001:000611d0       AvrcpGetPlayerValuesRsp    001621d0 f   avrcpatg.obj
 0001:000612d4       AvrcpHandleGetPlayerValuesCmd 001622d4 f   avrcpatg.obj
 0001:00061374       AvrcpSetPlayerValuesRsp    00162374 f   avrcpatg.obj
 0001:000614c4       AvrcpHandleSetPlayerValuesCmd 001624c4 f   avrcpatg.obj
 0001:00061634       AvrcpGetPlayerAttrTxtRsp   00162634 f   avrcpatg.obj
 0001:000617ac       AvrcpHandleGetPlayerAttrTxtCmd 001627ac f   avrcpatg.obj
 0001:00061854       AvrcpGetPlayerValueTxtRsp  00162854 f   avrcpatg.obj
 0001:00061bac       AvrcpHandleGetPlayerValueTxtCmd 00162bac f   avrcpatg.obj
 0001:00061c4c       AvrcpHandleDisplayCharSetCmd 00162c4c f   avrcpatg.obj
 0001:00061d74       AvrcpHandleBatteryStatusCmd 00162d74 f   avrcpatg.obj
 0001:00061e48       AvrcpEncodeMediaElemAttr   00162e48 f   avrcpatg.obj
 0001:00061f74       AvrcpGetElementAttrRsp     00162f74 f   avrcpatg.obj
 0001:00062090       AvrcpHandleGetElementAttrCmd 00163090 f   avrcpatg.obj
 0001:00062134       AvrcpHandleGetPlayStatusCmd 00163134 f   avrcpatg.obj
 0001:000621ec       AvrcpHandleSetAbsoluteVolumeCmd 001631ec f   avrcpatg.obj
 0001:000622d8       AvrcpHandleItemCmd         001632d8 f   avrcpatg.obj
 0001:0006239c       AvrcpRegisterNotifyRsp     0016339c f   avrcpatg.obj
 0001:00062924       AvrcpCompleteNotification  00163924 f   avrcpatg.obj
 0001:00062ca0       AvrcpFlushResponseQueue    00163ca0 f   avrcpatg.obj
 0001:00063690       AvrcpTgSetPlayerSettingNotify 00164690 f   avrcpatg.obj
 0001:00063748       AvrcpNotifyAddrPlayerChanged 00164748 f   avrcpatg.obj
 0001:000639f4       AvrcpHandleSetAddressedPlayerCmd 001649f4 f   avrcpatg.obj
 0001:00063ddc       AvrcpHandleAdvancedCommand 00164ddc f   avrcpatg.obj
 0001:00065228       AvrcpGetNextBrwsTransId    00166228 f   avrcpbrws.obj
 0001:000652c0       AvrcpSendBrowsingResponse  001662c0 f   avrcpbrws.obj
 0001:000653ac       AvrcpSendBrowsedPlayerRsp  001663ac f   avrcpbrws.obj
 0001:000655c4       AvrcpSendNextBrwsResponse  001665c4 f   avrcpbrws.obj
 0001:00065684       AvrcpFlushBrwsResponseQueue 00166684 f   avrcpbrws.obj
 0001:00065794       AvrcpSendBrowsingCommand   00166794 f   avrcpbrws.obj
 0001:000658ec       AvrcpSendNextBrwsCommand   001668ec f   avrcpbrws.obj
 0001:00065988       AvrcpHandleBrowsingRsp     00166988 f   avrcpbrws.obj
 0001:00065be8       AvrcpSendMediaPlayerListRsp 00166be8 f   avrcpbrws.obj
 0001:00065f58       AvrcpHandleBrowsingCmd     00166f58 f   avrcpbrws.obj
 0001:00066b98       AvrcpPanelCnf              00167b98 f   avrcppnl.obj
 0001:00066bf8       AvrcpPanelInd              00167bf8 f   avrcppnl.obj
 0001:00066c58       AvrcpHandlePanelCmdControl 00167c58 f   avrcppnl.obj
 0001:00067040       AvrcpPanelRspTimerExpired  00168040 f   avrcppnl.obj
 0001:00067110       AvrcpPanelIntTimerExpired  00168110 f   avrcppnl.obj
 0001:0006744c       AvrcpQueueRxCmd            0016844c f   avrcppnl.obj
 0001:00067500       AvrcpSendUnitInfo          00168500 f   avrcppnl.obj
 0001:000675a0       AvrcpSendSubUnitInfo       001685a0 f   avrcppnl.obj
 0001:00068308       AvrcpVerifySdpQueryRsp     00169308 f   avrcpsdp.obj
 0001:000686d0       AvdtpInsertStreamList      001696d0 f   avsigmgr.obj
 0001:00068714       AvdtpSigSendCommand        00169714 f   avsigmgr.obj
 0001:00068844       AvdtpSigStreamSendCmdWithParms 00169844 f   avsigmgr.obj
 0001:00068d5c       AvdtpSigEncodeCapabilities 00169d5c f   avsigmgr.obj
 0001:00068fdc       AvdtpSigFindStream         00169fdc f   avsigmgr.obj
 0001:00069050       AvdtpSigParseDiscoveries   0016a050 f   avsigmgr.obj
 0001:000691c0       AvdtpSigCapabilityRspSM    0016a1c0 f   avsigmgr.obj
 0001:000692fc       AvdtpSigParseCapabilityRsp 0016a2fc f   avsigmgr.obj
 0001:00069458       AvdtpSigHandleSrvCatMdaXport 0016a458 f   avsigmgr.obj
 0001:000694fc       AvdtpSigHandleSrvCatMdaCODEC 0016a4fc f   avsigmgr.obj
 0001:00069590       AvdtpSigHandleSrvCatCP     0016a590 f   avsigmgr.obj
 0001:0006967c       AvdtpSigParseConfigCmd     0016a67c f   avsigmgr.obj
 0001:00069980       AvdtpSigParseStreamStart   0016a980 f   avsigmgr.obj
 0001:00069b40       AvdtpSigParseStreamSuspend 0016ab40 f   avsigmgr.obj
 0001:00069cd0       AvdtpCloseStream           0016acd0 f   avsigmgr.obj
 0001:00069d98       AvdtpSigHandleCommand      0016ad98 f   avsigmgr.obj
 0001:0006a608       AvdtpSigHandleResponse     0016b608 f   avsigmgr.obj
 0001:0006aac0       AvdtpSigHandleReject       0016bac0 f   avsigmgr.obj
 0001:0006ad30       AvdtpSigHandleTimeout      0016bd30 f   avsigmgr.obj
 0001:0006af8c       AvdtpSigMgrSignalCallback  0016bf8c f   avsigmgr.obj
 0001:0006b4cc       AvdtpSigMgrClearConnection 0016c4cc f   avsigmgr.obj
 0001:0006b528       AvdtpSigMgrConnCallback    0016c528 f   avsigmgr.obj
 0001:0006bd5c       AvtpSendPacket             0016cd5c f   avtp.obj
 0001:0006bf8c       AvtpTxTimeout              0016cf8c f   avtp.obj
 0001:0006c158       AvtpSendNextPacket         0016d158 f   avtp.obj
 0001:0006c390       cordlTimeoutCancel         0016d390 f   cordless.obj
 0001:0006c3c0       cordlSetSetupData          0016d3c0 f   cordless.obj
 0001:0006c478       cordlFindCC                0016d478 f   cordless.obj
 0001:0006c4c0       cordlSendMsgChk            0016d4c0 f   cordless.obj
 0001:0006c520       HandleBC                   0016d520 f   cordless.obj
 0001:0006c600       cordlSendEvent             0016d600 f   cordless.obj
 0001:0006c67c       LookForCallData            0016d67c f   cordless.obj
 0001:0006c730       processMsgHandled          0016d730 f   cordless.obj
 0001:0006c900       cordlStateChange           0016d900 f   cordless.obj
 0001:0006cde0       TCS_WUG_SendInfo           0016dde0 f   cordless.obj
 0001:0006ce80       TCS_WUG_Config_Distribution 0016de80 f   cordless.obj
 0001:0006cfa0       cordlCallSM                0016dfa0 f   cordless.obj
 0001:0006d0fc       cordlDoScoStart            0016e0fc f   cordless.obj
 0001:0006d17c       cordlDoScoAccept           0016e17c f   cordless.obj
 0001:0006d1ec       cordlScoCb                 0016e1ec f   cordless.obj
 0001:0006d4c0       cordlSdpCb                 0016e4c0 f   cordless.obj
 0001:0006d620       cordl_Member_Add           0016e620 f   cordless.obj
 0001:0006d6a0       tcs_change_state           0016e6a0 f   cordless.obj
 0001:0006de98       cordlTimeoutHandler        0016ee98 f   cordless.obj
 0001:0006df68       handleMessage              0016ef68 f   cordless.obj
 0001:0006e3dc       tcsCallback                0016f3dc f   cordless.obj
 0001:00073be0       BtEventCallback            00174be0 f   hdp.obj
 0001:00073d9c       FindHdpRole                00174d9c f   hdp.obj
 0001:00073e1c       GetMdlInst                 00174e1c f   hdp.obj
 0001:00073e5c       SetClassOfDevice           00174e5c f   hdp.obj
 0001:000748c4       SourceCallback             001758c4 f   hdp.obj
 0001:00074f10       SinkCallback               00175f10 f   hdp.obj
 0001:000758c0       HdpParseProtocolAttrib     001768c0 f   hdp_sdp.obj
 0001:000759ac       HdpParseProfileAttrib      001769ac f   hdp_sdp.obj
 0001:00075a94       HdpParseAdditionalProtocolAttrib 00176a94 f   hdp_sdp.obj
 0001:00075bd0       HdpParseSupportedFeaturesAttrib 00176bd0 f   hdp_sdp.obj
 0001:00075cec       HdpParseMcapProcedures     00176cec f   hdp_sdp.obj
 0001:00075f40       HdpSdpSinkEventHandler     00176f40 f   hdp_sdp.obj
 0001:000761f0       HdpSourceVerifySdpQueryRsp 001771f0 f   hdp_sdp.obj
 0001:000761f0       HdpSinkVerifySdpQueryRsp   001771f0 f   hdp_sdp.obj
 0001:000762ac       HdpSourceSdpEventHandler   001772ac f   hdp_sdp.obj
 0001:00076560       HdpDevIdParseVendor        00177560 f   hdp_sdp.obj
 0001:0007664c       HdpDevIdParseProductId     0017764c f   hdp_sdp.obj
 0001:00076738       HdpDevIdParseVersion       00177738 f   hdp_sdp.obj
 0001:00076824       HdpDevIdParseVendorId      00177824 f   hdp_sdp.obj
 0001:00076994       HdpDevIdSdpEventHandler    00177994 f   hdp_sdp.obj
 0001:00076c90       HsChangeState              00177c90 f   headset.obj
 0001:00076ce0       HsStartServiceQuery        00177ce0 f   headset.obj
 0001:00076d40       HsGlobalEventHandler       00177d40 f   headset.obj
 0001:00076d90       HsParseProtocolAttrib      00177d90 f   headset.obj
 0001:00076e20       HsParseProfileAttrib       00177e20 f   headset.obj
 0001:00076f20       HsVerifySdpQueryRsp        00177f20 f   headset.obj
 0001:000771d8       HsDisconnect               001781d8 f   headset.obj
 0001:000772e4       HsProcessRxData            001782e4 f   headset.obj
 0001:000778f4       HsSdpEventHandler          001788f4 f   headset.obj
 0001:00077ad0       HsRFC_Callback             00178ad0 f   headset.obj
 0001:00077ed0       AgStartServiceQuery        00178ed0 f   headset_gw.obj
 0001:00077fd8       agAssignServiceClassIDList 00178fd8 f   headset_gw.obj
 0001:00078098       AgParseServiceClass        00179098 f   headset_gw.obj
 0001:0007815c       AgParseProfileAttrib       0017915c f   headset_gw.obj
 0001:0007825c       AgParseRemoteAudioAttrib   0017925c f   headset_gw.obj
 0001:00078314       AgVerifySdpQueryRsp        00179314 f   headset_gw.obj
 0001:000786c8       AgChangeState              001796c8 f   headset_gw.obj
 0001:0007873c       AgGlobalEventHandler       0017973c f   headset_gw.obj
 0001:000787dc       AgProcessRxData            001797dc f   headset_gw.obj
 0001:00078c00       agDoConnectIdle            00179c00 f   headset_gw.obj
 0001:00078cd4       AgRingTimerFire            00179cd4 f   headset_gw.obj
 0001:00078d1c       agDoConnectRFCOMMOpen      00179d1c f   headset_gw.obj
 0001:00079098       AgEventHandler             0017a098 f   headset_gw.obj
 0001:00079168       AgRFC_Callback             0017a168 f   headset_gw.obj
 0001:0007927c       AgServiceConnectionCallback 0017a27c f   headset_gw.obj
 0001:0007a470       HidSdpParse8Bit            0017b470 f   hid_sdp.obj
 0001:0007a4e0       HidSdpParse16Bit           0017b4e0 f   hid_sdp.obj
 0001:0007a5d8       HidSdpParseList            0017b5d8 f   hid_sdp.obj
 0001:0007a698       HidVerifySdpQueryRsp       0017b698 f   hid_sdp.obj
 0001:0007aabc       HidSdpEventHandler         0017babc f   hid_sdp.obj
 0001:0007bcec       IcmSetSetupData            0017ccec f   intercom.obj
 0001:0007be9c       HandleBC                   0017ce9c f   intercom.obj
 0001:0007bf54       IcmScoStart                0017cf54 f   intercom.obj
 0001:0007c0dc       IcmSendEvent               0017d0dc f   intercom.obj
 0001:0007c114       Handle_message             0017d114 f   intercom.obj
 0001:0007c2b4       IcmCallSM                  0017d2b4 f   intercom.obj
 0001:0007cc78       McapSendRspInternal        0017dc78 f   mcap.obj
 0001:0007cd74       McapSendClockCmdInternal   0017dd74 f   mcap.obj
 0001:0007cef8       McapSendClockRspInternal   0017def8 f   mcap.obj
 0001:0007d0ac       FindMcapSession            0017e0ac f   mcap.obj
 0001:0007d0f4       FindMdlId                  0017e0f4 f   mcap.obj
 0001:0007d138       FindMcapChannel            0017e138 f   mcap.obj
 0001:0007d1a0       FindFreeMcapChannel        0017e1a0 f   mcap.obj
 0001:0007d1ec       VerifyMcapChannel          0017e1ec f   mcap.obj
 0001:0007d21c       SetupL2capPsm              0017e21c f   mcap.obj
 0001:0007d2a4       TimeIndTimerFire           0017e2a4 f   mcap.obj
 0001:0007dd34       McapConnectMdl             0017ed34 f   mcap.obj
 0001:0007de50       McapSendCmdInternal        0017ee50 f   mcap.obj
 0001:0007e064       McapParseRx                0017f064 f   mcap.obj
 0001:0007e8d4       MclL2capCallback           0017f8d4 f   mcap.obj
 0001:0007ed64       MdlL2capCallback           0017fd64 f   mcap.obj
 0001:0007f000       ConnMgrCallback            00180000 f   mcap.obj
 0001:00080424       PanLinkCallback            00181424 f   pan_sm.obj
 0001:000804b4       PanBnepCallbackPacketHandled 001814b4 f   pan_sm.obj
 0001:00080560       PanBnepCallbackCtlPacketInd 00181560 f   pan_sm.obj
 0001:0008069c       PanBnepCallbackEthPacketInd 0018169c f   pan_sm.obj
 0001:00080768       PanConnThreadHandleBnepSetup 00181768 f   pan_sm.obj
 0001:00080858       PanConnThreadHandleBnepClosed 00181858 f   pan_sm.obj
 0001:00080960       PanConnThreadHandleBnepOpenInd 00181960 f   pan_sm.obj
 0001:00080a2c       PanDataThreadTxFrames      00181a2c f   pan_sm.obj
 0001:00080ab0       PanDataThreadSendCtlResp   00181ab0 f   pan_sm.obj
 0001:00080b60       PanDataThreadProcessCtlResp 00181b60 f   pan_sm.obj
 0001:00080c78       PanBnepCallback            00181c78 f   pan_sm.obj
 0001:00080e0c       PanDataThreadProcessCtlInds 00181e0c f   pan_sm.obj
 0001:000810d0       PanDataThreadProc          001820d0 f   pan_sm.obj
 0001:000811b4       PanConnThreadStartDataThread 001821b4 f   pan_sm.obj
 0001:000812c0       PanConnThreadHandleAdminChanged 001822c0 f   pan_sm.obj
 0001:00085038       SimParseParms              00186038 f   sim_sm.obj
 0001:0008538c       SimServerStateOpen         0018638c f   sim_sm.obj
 0001:000856c8       SimServerStateConnPending  001866c8 f   sim_sm.obj
 0001:00085844       SimServerStateDiscPending  00186844 f   sim_sm.obj
 0001:000858bc       SimServerStateClosed       001868bc f   sim_sm.obj
 0001:00085a5c       SimClientStateOpen         00186a5c f   sim_sm.obj
 0001:00085fcc       SimClientStateConnPending  00186fcc f   sim_sm.obj
 0001:00086284       SimClientStateDiscPending  00187284 f   sim_sm.obj
 0001:00086318       SimClientStateClosed       00187318 f   sim_sm.obj
 0001:00086414       SimServerParseReq          00187414 f   sim_sm.obj
 0001:00086698       SimClientParseRsp          00187698 f   sim_sm.obj
 0001:00087154       VdpFindExistingConnection  00188154 f   vdp.obj
 0001:00087528       VdpCloseTimer              00188528 f   vdp.obj
 0001:00087bf8       VdpVerifySdpQueryRsp       00188bf8 f   vdp_sdp.obj
 0001:00087e98       VdpSdpEventHandler         00188e98 f   vdp_sdp.obj
 0001:000883b8       VdpFindNextStreamInfo      001893b8 f   vdp_sm.obj
 0001:00088f6c       doexit                     00189f6c f   corelibc:crt0dat.obj

 Exports

  ordinal    name

        1    XBT_Init
        2    XBT_Open
        3    XBT_Close
        4    XBT_Deinit
        5    XBT_Read
        6    XBT_Write
        7    XBT_IOControl
        8    XBT_PowerUp
        9    XBT_PowerDown
       10    XBT_Seek
